Archive member included because of file (symbol)

c:/users/kareem ashraf/downloads/imt_sdk_win_64/imt_sdk_win_64/winavr/bin/../lib/gcc/avr/4.3.3/avr5\libgcc.a(_udivmodqi4.o)
                              ./EHAL/SEVEN-SEGMINT/Source/Seven_Seg_Prog.o (__udivmodqi4)
c:/users/kareem ashraf/downloads/imt_sdk_win_64/imt_sdk_win_64/winavr/bin/../lib/gcc/avr/4.3.3/avr5\libgcc.a(_udivmodsi4.o)
                              ./EHAL/LCD/Source/Lcd_Prog.o (__udivmodsi4)
c:/users/kareem ashraf/downloads/imt_sdk_win_64/imt_sdk_win_64/winavr/bin/../lib/gcc/avr/4.3.3/avr5\libgcc.a(_exit.o)
                              c:/users/kareem ashraf/downloads/imt_sdk_win_64/imt_sdk_win_64/winavr/bin/../lib/gcc/avr/4.3.3/../../../../avr/lib/avr5/crtm32.o (exit)
c:/users/kareem ashraf/downloads/imt_sdk_win_64/imt_sdk_win_64/winavr/bin/../lib/gcc/avr/4.3.3/avr5\libgcc.a(_copy_data.o)
                              ./EHAL/SEVEN-SEGMINT/Source/Seven_Seg_Prog.o (__do_copy_data)
c:/users/kareem ashraf/downloads/imt_sdk_win_64/imt_sdk_win_64/winavr/bin/../lib/gcc/avr/4.3.3/avr5\libgcc.a(_clear_bss.o)
                              ./MCAL/TIMER1/Source/Timer1_Prog.o (__do_clear_bss)
c:/users/kareem ashraf/downloads/imt_sdk_win_64/imt_sdk_win_64/winavr/bin/../lib/gcc/avr/4.3.3/avr5\libgcc.a(_fixunssfsi.o)
                              ./EHAL/SEVEN-SEGMINT/Source/Seven_Seg_Prog.o (__fixunssfsi)
c:/users/kareem ashraf/downloads/imt_sdk_win_64/imt_sdk_win_64/winavr/bin/../lib/gcc/avr/4.3.3/avr5\libgcc.a(_addsub_sf.o)
                              c:/users/kareem ashraf/downloads/imt_sdk_win_64/imt_sdk_win_64/winavr/bin/../lib/gcc/avr/4.3.3/avr5\libgcc.a(_fixunssfsi.o) (__subsf3)
c:/users/kareem ashraf/downloads/imt_sdk_win_64/imt_sdk_win_64/winavr/bin/../lib/gcc/avr/4.3.3/avr5\libgcc.a(_mul_sf.o)
                              ./EHAL/SEVEN-SEGMINT/Source/Seven_Seg_Prog.o (__mulsf3)
c:/users/kareem ashraf/downloads/imt_sdk_win_64/imt_sdk_win_64/winavr/bin/../lib/gcc/avr/4.3.3/avr5\libgcc.a(_div_sf.o)
                              ./APP/APP_Smart_Home/APP.o (__divsf3)
c:/users/kareem ashraf/downloads/imt_sdk_win_64/imt_sdk_win_64/winavr/bin/../lib/gcc/avr/4.3.3/avr5\libgcc.a(_gt_sf.o)
                              ./EHAL/SEVEN-SEGMINT/Source/Seven_Seg_Prog.o (__gtsf2)
c:/users/kareem ashraf/downloads/imt_sdk_win_64/imt_sdk_win_64/winavr/bin/../lib/gcc/avr/4.3.3/avr5\libgcc.a(_ge_sf.o)
                              c:/users/kareem ashraf/downloads/imt_sdk_win_64/imt_sdk_win_64/winavr/bin/../lib/gcc/avr/4.3.3/avr5\libgcc.a(_fixunssfsi.o) (__gesf2)
c:/users/kareem ashraf/downloads/imt_sdk_win_64/imt_sdk_win_64/winavr/bin/../lib/gcc/avr/4.3.3/avr5\libgcc.a(_lt_sf.o)
                              ./EHAL/SEVEN-SEGMINT/Source/Seven_Seg_Prog.o (__ltsf2)
c:/users/kareem ashraf/downloads/imt_sdk_win_64/imt_sdk_win_64/winavr/bin/../lib/gcc/avr/4.3.3/avr5\libgcc.a(_sf_to_si.o)
                              c:/users/kareem ashraf/downloads/imt_sdk_win_64/imt_sdk_win_64/winavr/bin/../lib/gcc/avr/4.3.3/avr5\libgcc.a(_fixunssfsi.o) (__fixsfsi)
c:/users/kareem ashraf/downloads/imt_sdk_win_64/imt_sdk_win_64/winavr/bin/../lib/gcc/avr/4.3.3/avr5\libgcc.a(_thenan_sf.o)
                              c:/users/kareem ashraf/downloads/imt_sdk_win_64/imt_sdk_win_64/winavr/bin/../lib/gcc/avr/4.3.3/avr5\libgcc.a(_addsub_sf.o) (__thenan_sf)
c:/users/kareem ashraf/downloads/imt_sdk_win_64/imt_sdk_win_64/winavr/bin/../lib/gcc/avr/4.3.3/avr5\libgcc.a(_usi_to_sf.o)
                              ./APP/APP_Smart_Home/APP.o (__floatunsisf)
c:/users/kareem ashraf/downloads/imt_sdk_win_64/imt_sdk_win_64/winavr/bin/../lib/gcc/avr/4.3.3/avr5\libgcc.a(_prologue.o)
                              c:/users/kareem ashraf/downloads/imt_sdk_win_64/imt_sdk_win_64/winavr/bin/../lib/gcc/avr/4.3.3/avr5\libgcc.a(_addsub_sf.o) (__prologue_saves__)
c:/users/kareem ashraf/downloads/imt_sdk_win_64/imt_sdk_win_64/winavr/bin/../lib/gcc/avr/4.3.3/avr5\libgcc.a(_epilogue.o)
                              c:/users/kareem ashraf/downloads/imt_sdk_win_64/imt_sdk_win_64/winavr/bin/../lib/gcc/avr/4.3.3/avr5\libgcc.a(_addsub_sf.o) (__epilogue_restores__)
c:/users/kareem ashraf/downloads/imt_sdk_win_64/imt_sdk_win_64/winavr/bin/../lib/gcc/avr/4.3.3/avr5\libgcc.a(_clzsi2.o)
                              c:/users/kareem ashraf/downloads/imt_sdk_win_64/imt_sdk_win_64/winavr/bin/../lib/gcc/avr/4.3.3/avr5\libgcc.a(_usi_to_sf.o) (__clzsi2)
c:/users/kareem ashraf/downloads/imt_sdk_win_64/imt_sdk_win_64/winavr/bin/../lib/gcc/avr/4.3.3/avr5\libgcc.a(_pack_sf.o)
                              c:/users/kareem ashraf/downloads/imt_sdk_win_64/imt_sdk_win_64/winavr/bin/../lib/gcc/avr/4.3.3/avr5\libgcc.a(_addsub_sf.o) (__pack_f)
c:/users/kareem ashraf/downloads/imt_sdk_win_64/imt_sdk_win_64/winavr/bin/../lib/gcc/avr/4.3.3/avr5\libgcc.a(_unpack_sf.o)
                              c:/users/kareem ashraf/downloads/imt_sdk_win_64/imt_sdk_win_64/winavr/bin/../lib/gcc/avr/4.3.3/avr5\libgcc.a(_addsub_sf.o) (__unpack_f)
c:/users/kareem ashraf/downloads/imt_sdk_win_64/imt_sdk_win_64/winavr/bin/../lib/gcc/avr/4.3.3/avr5\libgcc.a(_fpcmp_parts_sf.o)
                              c:/users/kareem ashraf/downloads/imt_sdk_win_64/imt_sdk_win_64/winavr/bin/../lib/gcc/avr/4.3.3/avr5\libgcc.a(_gt_sf.o) (__fpcmp_parts_f)
c:/users/kareem ashraf/downloads/imt_sdk_win_64/imt_sdk_win_64/winavr/bin/../lib/gcc/avr/4.3.3/avr5\libgcc.a(_clz.o)
                              c:/users/kareem ashraf/downloads/imt_sdk_win_64/imt_sdk_win_64/winavr/bin/../lib/gcc/avr/4.3.3/avr5\libgcc.a(_clzsi2.o) (__clz_tab)

Memory Configuration

Name             Origin             Length             Attributes
text             0x00000000         0x00020000         xr
data             0x00800060         0x0000ffa0         rw !x
eeprom           0x00810000         0x00010000         rw !x
fuse             0x00820000         0x00000400         rw !x
lock             0x00830000         0x00000400         rw !x
signature        0x00840000         0x00000400         rw !x
*default*        0x00000000         0xffffffff

Linker script and memory map

LOAD c:/users/kareem ashraf/downloads/imt_sdk_win_64/imt_sdk_win_64/winavr/bin/../lib/gcc/avr/4.3.3/../../../../avr/lib/avr5/crtm32.o
LOAD ./RUN_MAIN/main.o
LOAD ./MCAL/WATCH_DOG/WDT_program.o
LOAD ./MCAL/TIMER1/Source/Timer1_Prog.o
LOAD ./MCAL/I2C/src/TWI_prog.o
LOAD ./MCAL/GIE/Source/GIE_Prog.o
LOAD ./MCAL/EXT_INTERRUPTS/src/INTERRUPTS_prog.o
LOAD ./MCAL/EEPROM/Source/EEPROM_Prog.o
LOAD ./MCAL/DIO/Source/Dio_Prog.o
LOAD ./MCAL/ADC_G/adc.o
LOAD ./EHAL/TEMP_SENSOR/src/TEMP_SENSOR_prog.o
LOAD ./EHAL/SEVEN-SEGMINT/Source/Seven_Seg_Prog.o
LOAD ./EHAL/SERVO/servo.o
LOAD ./EHAL/LED/Source/Led_Prog.o
LOAD ./EHAL/LDR/LDR.o
LOAD ./EHAL/LCD/Source/Lcd_Prog.o
LOAD ./EHAL/KEYBAD/Source/Keybad_Prog.o
LOAD ./EHAL/EXT_EEPROM/src/EXT_EEPROM.o
LOAD ./EHAL/DC/DC.o
LOAD ./EHAL/BUZZER/BUZZER.o
LOAD ./APP/APP_Smart_Home/APP.o
LOAD c:/users/kareem ashraf/downloads/imt_sdk_win_64/imt_sdk_win_64/winavr/bin/../lib/gcc/avr/4.3.3/avr5\libgcc.a
LOAD c:/users/kareem ashraf/downloads/imt_sdk_win_64/imt_sdk_win_64/winavr/bin/../lib/gcc/avr/4.3.3/../../../../avr/lib/avr5\libc.a
LOAD c:/users/kareem ashraf/downloads/imt_sdk_win_64/imt_sdk_win_64/winavr/bin/../lib/gcc/avr/4.3.3/avr5\libgcc.a

.hash
 *(.hash)

.dynsym
 *(.dynsym)

.dynstr
 *(.dynstr)

.gnu.version
 *(.gnu.version)

.gnu.version_d
 *(.gnu.version_d)

.gnu.version_r
 *(.gnu.version_r)

.rel.init
 *(.rel.init)

.rela.init
 *(.rela.init)

.rel.text
 *(.rel.text)
 *(.rel.text.*)
 *(.rel.gnu.linkonce.t*)

.rela.text
 *(.rela.text)
 *(.rela.text.*)
 *(.rela.gnu.linkonce.t*)

.rel.fini
 *(.rel.fini)

.rela.fini
 *(.rela.fini)

.rel.rodata
 *(.rel.rodata)
 *(.rel.rodata.*)
 *(.rel.gnu.linkonce.r*)

.rela.rodata
 *(.rela.rodata)
 *(.rela.rodata.*)
 *(.rela.gnu.linkonce.r*)

.rel.data
 *(.rel.data)
 *(.rel.data.*)
 *(.rel.gnu.linkonce.d*)

.rela.data
 *(.rela.data)
 *(.rela.data.*)
 *(.rela.gnu.linkonce.d*)

.rel.ctors
 *(.rel.ctors)

.rela.ctors
 *(.rela.ctors)

.rel.dtors
 *(.rel.dtors)

.rela.dtors
 *(.rela.dtors)

.rel.got
 *(.rel.got)

.rela.got
 *(.rela.got)

.rel.bss
 *(.rel.bss)

.rela.bss
 *(.rela.bss)

.rel.plt
 *(.rel.plt)

.rela.plt
 *(.rela.plt)

.text           0x00000000     0x4f46
 *(.vectors)
 .vectors       0x00000000       0x54 c:/users/kareem ashraf/downloads/imt_sdk_win_64/imt_sdk_win_64/winavr/bin/../lib/gcc/avr/4.3.3/../../../../avr/lib/avr5/crtm32.o
                0x00000000                __vectors
                0x00000000                __vector_default
 *(.vectors)
 *(.progmem.gcc*)
 *(.progmem*)
                0x00000054                . = ALIGN (0x2)
                0x00000054                __trampolines_start = .
 *(.trampolines)
 .trampolines   0x00000054        0x0 linker stubs
 *(.trampolines*)
                0x00000054                __trampolines_end = .
 *(.jumptables)
 *(.jumptables*)
 *(.lowtext)
 *(.lowtext*)
                0x00000054                __ctors_start = .
 *(.ctors)
                0x00000054                __ctors_end = .
                0x00000054                __dtors_start = .
 *(.dtors)
                0x00000054                __dtors_end = .
 SORT(*)(.ctors)
 SORT(*)(.dtors)
 *(.init0)
 .init0         0x00000054        0x0 c:/users/kareem ashraf/downloads/imt_sdk_win_64/imt_sdk_win_64/winavr/bin/../lib/gcc/avr/4.3.3/../../../../avr/lib/avr5/crtm32.o
                0x00000054                __init
 *(.init0)
 *(.init1)
 *(.init1)
 *(.init2)
 .init2         0x00000054        0xc c:/users/kareem ashraf/downloads/imt_sdk_win_64/imt_sdk_win_64/winavr/bin/../lib/gcc/avr/4.3.3/../../../../avr/lib/avr5/crtm32.o
 *(.init2)
 *(.init3)
 *(.init3)
 *(.init4)
 .init4         0x00000060       0x16 c:/users/kareem ashraf/downloads/imt_sdk_win_64/imt_sdk_win_64/winavr/bin/../lib/gcc/avr/4.3.3/avr5\libgcc.a(_copy_data.o)
                0x00000060                __do_copy_data
 .init4         0x00000076       0x10 c:/users/kareem ashraf/downloads/imt_sdk_win_64/imt_sdk_win_64/winavr/bin/../lib/gcc/avr/4.3.3/avr5\libgcc.a(_clear_bss.o)
                0x00000076                __do_clear_bss
 *(.init4)
 *(.init5)
 *(.init5)
 *(.init6)
 *(.init6)
 *(.init7)
 *(.init7)
 *(.init8)
 *(.init8)
 *(.init9)
 .init9         0x00000086        0x8 c:/users/kareem ashraf/downloads/imt_sdk_win_64/imt_sdk_win_64/winavr/bin/../lib/gcc/avr/4.3.3/../../../../avr/lib/avr5/crtm32.o
 *(.init9)
 *(.text)
 .text          0x0000008e        0x4 c:/users/kareem ashraf/downloads/imt_sdk_win_64/imt_sdk_win_64/winavr/bin/../lib/gcc/avr/4.3.3/../../../../avr/lib/avr5/crtm32.o
                0x0000008e                __vector_12
                0x0000008e                __bad_interrupt
                0x0000008e                __vector_3
                0x0000008e                __vector_11
                0x0000008e                __vector_13
                0x0000008e                __vector_17
                0x0000008e                __vector_19
                0x0000008e                __vector_7
                0x0000008e                __vector_5
                0x0000008e                __vector_4
                0x0000008e                __vector_9
                0x0000008e                __vector_2
                0x0000008e                __vector_15
                0x0000008e                __vector_8
                0x0000008e                __vector_14
                0x0000008e                __vector_10
                0x0000008e                __vector_16
                0x0000008e                __vector_18
                0x0000008e                __vector_20
 .text          0x00000092        0x0 ./RUN_MAIN/main.o
 .text          0x00000092        0x0 ./MCAL/WATCH_DOG/WDT_program.o
 .text          0x00000092        0x0 ./MCAL/TIMER1/Source/Timer1_Prog.o
 .text          0x00000092        0x0 ./MCAL/I2C/src/TWI_prog.o
 .text          0x00000092        0x0 ./MCAL/GIE/Source/GIE_Prog.o
 .text          0x00000092        0x0 ./MCAL/EXT_INTERRUPTS/src/INTERRUPTS_prog.o
 .text          0x00000092        0x0 ./MCAL/EEPROM/Source/EEPROM_Prog.o
 .text          0x00000092        0x0 ./MCAL/DIO/Source/Dio_Prog.o
 .text          0x00000092        0x0 ./MCAL/ADC_G/adc.o
 .text          0x00000092        0x0 ./EHAL/TEMP_SENSOR/src/TEMP_SENSOR_prog.o
 .text          0x00000092        0x0 ./EHAL/SEVEN-SEGMINT/Source/Seven_Seg_Prog.o
 .text          0x00000092        0x0 ./EHAL/SERVO/servo.o
 .text          0x00000092        0x0 ./EHAL/LED/Source/Led_Prog.o
 .text          0x00000092        0x0 ./EHAL/LDR/LDR.o
 .text          0x00000092        0x0 ./EHAL/LCD/Source/Lcd_Prog.o
 .text          0x00000092        0x0 ./EHAL/KEYBAD/Source/Keybad_Prog.o
 .text          0x00000092        0x0 ./EHAL/EXT_EEPROM/src/EXT_EEPROM.o
 .text          0x00000092        0x0 ./EHAL/DC/DC.o
 .text          0x00000092        0x0 ./EHAL/BUZZER/BUZZER.o
 .text          0x00000092        0x0 ./APP/APP_Smart_Home/APP.o
 .text          0x00000092        0x0 c:/users/kareem ashraf/downloads/imt_sdk_win_64/imt_sdk_win_64/winavr/bin/../lib/gcc/avr/4.3.3/avr5\libgcc.a(_udivmodqi4.o)
 .text          0x00000092        0x0 c:/users/kareem ashraf/downloads/imt_sdk_win_64/imt_sdk_win_64/winavr/bin/../lib/gcc/avr/4.3.3/avr5\libgcc.a(_udivmodsi4.o)
 .text          0x00000092        0x0 c:/users/kareem ashraf/downloads/imt_sdk_win_64/imt_sdk_win_64/winavr/bin/../lib/gcc/avr/4.3.3/avr5\libgcc.a(_exit.o)
 .text          0x00000092        0x0 c:/users/kareem ashraf/downloads/imt_sdk_win_64/imt_sdk_win_64/winavr/bin/../lib/gcc/avr/4.3.3/avr5\libgcc.a(_copy_data.o)
 .text          0x00000092        0x0 c:/users/kareem ashraf/downloads/imt_sdk_win_64/imt_sdk_win_64/winavr/bin/../lib/gcc/avr/4.3.3/avr5\libgcc.a(_clear_bss.o)
 .text          0x00000092       0x58 c:/users/kareem ashraf/downloads/imt_sdk_win_64/imt_sdk_win_64/winavr/bin/../lib/gcc/avr/4.3.3/avr5\libgcc.a(_fixunssfsi.o)
                0x00000092                __fixunssfsi
 .text          0x000000ea      0x354 c:/users/kareem ashraf/downloads/imt_sdk_win_64/imt_sdk_win_64/winavr/bin/../lib/gcc/avr/4.3.3/avr5\libgcc.a(_addsub_sf.o)
                0x00000382                __subsf3
                0x000003e4                __addsf3
 .text          0x0000043e      0x1f4 c:/users/kareem ashraf/downloads/imt_sdk_win_64/imt_sdk_win_64/winavr/bin/../lib/gcc/avr/4.3.3/avr5\libgcc.a(_mul_sf.o)
                0x0000043e                __mulsf3
 .text          0x00000632      0x158 c:/users/kareem ashraf/downloads/imt_sdk_win_64/imt_sdk_win_64/winavr/bin/../lib/gcc/avr/4.3.3/avr5\libgcc.a(_div_sf.o)
                0x00000632                __divsf3
 .text          0x0000078a       0x60 c:/users/kareem ashraf/downloads/imt_sdk_win_64/imt_sdk_win_64/winavr/bin/../lib/gcc/avr/4.3.3/avr5\libgcc.a(_gt_sf.o)
                0x0000078a                __gtsf2
 .text          0x000007ea       0x60 c:/users/kareem ashraf/downloads/imt_sdk_win_64/imt_sdk_win_64/winavr/bin/../lib/gcc/avr/4.3.3/avr5\libgcc.a(_ge_sf.o)
                0x000007ea                __gesf2
 .text          0x0000084a       0x60 c:/users/kareem ashraf/downloads/imt_sdk_win_64/imt_sdk_win_64/winavr/bin/../lib/gcc/avr/4.3.3/avr5\libgcc.a(_lt_sf.o)
                0x0000084a                __ltsf2
 .text          0x000008aa       0xa8 c:/users/kareem ashraf/downloads/imt_sdk_win_64/imt_sdk_win_64/winavr/bin/../lib/gcc/avr/4.3.3/avr5\libgcc.a(_sf_to_si.o)
                0x000008aa                __fixsfsi
 .text          0x00000952        0x0 c:/users/kareem ashraf/downloads/imt_sdk_win_64/imt_sdk_win_64/winavr/bin/../lib/gcc/avr/4.3.3/avr5\libgcc.a(_thenan_sf.o)
 .text          0x00000952       0xf2 c:/users/kareem ashraf/downloads/imt_sdk_win_64/imt_sdk_win_64/winavr/bin/../lib/gcc/avr/4.3.3/avr5\libgcc.a(_usi_to_sf.o)
                0x00000952                __floatunsisf
 .text          0x00000a44        0x0 c:/users/kareem ashraf/downloads/imt_sdk_win_64/imt_sdk_win_64/winavr/bin/../lib/gcc/avr/4.3.3/avr5\libgcc.a(_prologue.o)
 .text          0x00000a44        0x0 c:/users/kareem ashraf/downloads/imt_sdk_win_64/imt_sdk_win_64/winavr/bin/../lib/gcc/avr/4.3.3/avr5\libgcc.a(_epilogue.o)
 .text          0x00000a44       0x9e c:/users/kareem ashraf/downloads/imt_sdk_win_64/imt_sdk_win_64/winavr/bin/../lib/gcc/avr/4.3.3/avr5\libgcc.a(_clzsi2.o)
                0x00000a44                __clzsi2
 .text          0x00000ae2      0x1aa c:/users/kareem ashraf/downloads/imt_sdk_win_64/imt_sdk_win_64/winavr/bin/../lib/gcc/avr/4.3.3/avr5\libgcc.a(_pack_sf.o)
                0x00000ae2                __pack_f
 .text          0x00000c8c       0xf0 c:/users/kareem ashraf/downloads/imt_sdk_win_64/imt_sdk_win_64/winavr/bin/../lib/gcc/avr/4.3.3/avr5\libgcc.a(_unpack_sf.o)
                0x00000c8c                __unpack_f
 .text          0x00000d7c       0xb2 c:/users/kareem ashraf/downloads/imt_sdk_win_64/imt_sdk_win_64/winavr/bin/../lib/gcc/avr/4.3.3/avr5\libgcc.a(_fpcmp_parts_sf.o)
                0x00000d7c                __fpcmp_parts_f
 .text          0x00000e2e        0x0 c:/users/kareem ashraf/downloads/imt_sdk_win_64/imt_sdk_win_64/winavr/bin/../lib/gcc/avr/4.3.3/avr5\libgcc.a(_clz.o)
                0x00000e2e                . = ALIGN (0x2)
 *(.text.*)
 .text.main     0x00000e2e       0x16 ./RUN_MAIN/main.o
                0x00000e2e                main
 .text.WDT_voidEnable
                0x00000e44       0x16 ./MCAL/WATCH_DOG/WDT_program.o
                0x00000e44                WDT_voidEnable
 .text.WDT_voidDisable
                0x00000e5a       0x22 ./MCAL/WATCH_DOG/WDT_program.o
                0x00000e5a                WDT_voidDisable
 .text.TIMER1_VoidInit
                0x00000e7c       0x8e ./MCAL/TIMER1/Source/Timer1_Prog.o
                0x00000e7c                TIMER1_VoidInit
 .text.TIMER1_VoidSetTCNT1
                0x00000f0a       0x20 ./MCAL/TIMER1/Source/Timer1_Prog.o
                0x00000f0a                TIMER1_VoidSetTCNT1
 .text.TIMER1_VoidClearTCNT1
                0x00000f2a       0x14 ./MCAL/TIMER1/Source/Timer1_Prog.o
                0x00000f2a                TIMER1_VoidClearTCNT1
 .text.Duty_Cycle1
                0x00000f3e       0x2e ./MCAL/TIMER1/Source/Timer1_Prog.o
                0x00000f3e                Duty_Cycle1
 .text.TIMER1_ICR1H
                0x00000f6c       0x30 ./MCAL/TIMER1/Source/Timer1_Prog.o
                0x00000f6c                TIMER1_ICR1H
 .text.__vector_6
                0x00000f9c       0x66 ./MCAL/TIMER1/Source/Timer1_Prog.o
                0x00000f9c                __vector_6
 .text.Set_Call_Back_IC
                0x00001002       0x24 ./MCAL/TIMER1/Source/Timer1_Prog.o
                0x00001002                Set_Call_Back_IC
 .text.Timer1_Fast_PWM_Init
                0x00001026       0x48 ./MCAL/TIMER1/Source/Timer1_Prog.o
                0x00001026                Timer1_Fast_PWM_Init
 .text.TWI_voidInitMaster
                0x0000106e       0x5e ./MCAL/I2C/src/TWI_prog.o
                0x0000106e                TWI_voidInitMaster
 .text.TWI_voidInitSlave
                0x000010cc       0x3a ./MCAL/I2C/src/TWI_prog.o
                0x000010cc                TWI_voidInitSlave
 .text.TWI_SendStartCondition
                0x00001106       0x54 ./MCAL/I2C/src/TWI_prog.o
                0x00001106                TWI_SendStartCondition
 .text.TWI_SendRepeatedStart
                0x0000115a       0x54 ./MCAL/I2C/src/TWI_prog.o
                0x0000115a                TWI_SendRepeatedStart
 .text.TWI_SendSlaveAddressWithWrite
                0x000011ae       0x70 ./MCAL/I2C/src/TWI_prog.o
                0x000011ae                TWI_SendSlaveAddressWithWrite
 .text.TWI_SendSlaveAddressWithRead
                0x0000121e       0x70 ./MCAL/I2C/src/TWI_prog.o
                0x0000121e                TWI_SendSlaveAddressWithRead
 .text.TWI_MasterWriteDataByte
                0x0000128e       0x52 ./MCAL/I2C/src/TWI_prog.o
                0x0000128e                TWI_MasterWriteDataByte
 .text.TWI_MasterReadDataByte
                0x000012e0       0x5e ./MCAL/I2C/src/TWI_prog.o
                0x000012e0                TWI_MasterReadDataByte
 .text.TWI_SlaveReadDataByte
                0x0000133e       0x5e ./MCAL/I2C/src/TWI_prog.o
                0x0000133e                TWI_SlaveReadDataByte
 .text.TWI_SendStopCondition
                0x0000139c       0x2a ./MCAL/I2C/src/TWI_prog.o
                0x0000139c                TWI_SendStopCondition
 .text.GIE_VoidEnable
                0x000013c6       0x1c ./MCAL/GIE/Source/GIE_Prog.o
                0x000013c6                GIE_VoidEnable
 .text.GIE_VoidDisable
                0x000013e2       0x1c ./MCAL/GIE/Source/GIE_Prog.o
                0x000013e2                GIE_VoidDisable
 .text.EXT_INT_Void_INT0_Init
                0x000013fe       0x38 ./MCAL/EXT_INTERRUPTS/src/INTERRUPTS_prog.o
                0x000013fe                EXT_INT_Void_INT0_Init
 .text.EXT_INT_Void_INT1_Init
                0x00001436       0x38 ./MCAL/EXT_INTERRUPTS/src/INTERRUPTS_prog.o
                0x00001436                EXT_INT_Void_INT1_Init
 .text.EXT_INT_Void_INT2_Init
                0x0000146e       0x2a ./MCAL/EXT_INTERRUPTS/src/INTERRUPTS_prog.o
                0x0000146e                EXT_INT_Void_INT2_Init
 .text.EEPROM_INIT
                0x00001498       0x1c ./MCAL/EEPROM/Source/EEPROM_Prog.o
                0x00001498                EEPROM_INIT
 .text.EEPROM_READ
                0x000014b4       0x56 ./MCAL/EEPROM/Source/EEPROM_Prog.o
                0x000014b4                EEPROM_READ
 .text.EEPROM_WRITE
                0x0000150a       0x6c ./MCAL/EEPROM/Source/EEPROM_Prog.o
                0x0000150a                EEPROM_WRITE
 .text.DIO_VoidSetPinDir
                0x00001576      0x1e4 ./MCAL/DIO/Source/Dio_Prog.o
                0x00001576                DIO_VoidSetPinDir
 .text.DIO_VoidSetPinValue
                0x0000175a      0x1e4 ./MCAL/DIO/Source/Dio_Prog.o
                0x0000175a                DIO_VoidSetPinValue
 .text.DIO_ReadPinValue
                0x0000193e      0x104 ./MCAL/DIO/Source/Dio_Prog.o
                0x0000193e                DIO_ReadPinValue
 .text.DIO_VoidSetAllPortDir
                0x00001a42       0xd2 ./MCAL/DIO/Source/Dio_Prog.o
                0x00001a42                DIO_VoidSetAllPortDir
 .text.DIO_VoidSetAllPortValue
                0x00001b14       0xd2 ./MCAL/DIO/Source/Dio_Prog.o
                0x00001b14                DIO_VoidSetAllPortValue
 .text.DIO_ReadPortValue
                0x00001be6       0x8e ./MCAL/DIO/Source/Dio_Prog.o
                0x00001be6                DIO_ReadPortValue
 .text.DIO_VoidControlPinPullUp
                0x00001c74      0x1e4 ./MCAL/DIO/Source/Dio_Prog.o
                0x00001c74                DIO_VoidControlPinPullUp
 .text.DIO_VoidSetSpecialPortDir
                0x00001e58       0x82 ./MCAL/DIO/Source/Dio_Prog.o
                0x00001e58                DIO_VoidSetSpecialPortDir
 .text.DIO_VoidSetSpecialPortValue
                0x00001eda       0x82 ./MCAL/DIO/Source/Dio_Prog.o
                0x00001eda                DIO_VoidSetSpecialPortValue
 .text.DIO_VoidSetToggelValue
                0x00001f5c       0xfa ./MCAL/DIO/Source/Dio_Prog.o
                0x00001f5c                DIO_VoidSetToggelValue
 .text.DIO_ReadSegmentOfAddress
                0x00002056       0x34 ./MCAL/DIO/Source/Dio_Prog.o
                0x00002056                DIO_ReadSegmentOfAddress
 .text.ADC_init
                0x0000208a       0x22 ./MCAL/ADC_G/adc.o
                0x0000208a                ADC_init
 .text.ADC_readChannel
                0x000020ac       0x72 ./MCAL/ADC_G/adc.o
                0x000020ac                ADC_readChannel
 .text.TempSensor_Range
                0x0000211e       0x6a ./EHAL/TEMP_SENSOR/src/TEMP_SENSOR_prog.o
                0x0000211e                TempSensor_Range
 .text.SevenSeg_VoidSetOffOrON
                0x00002188       0x4e ./EHAL/SEVEN-SEGMINT/Source/Seven_Seg_Prog.o
                0x00002188                SevenSeg_VoidSetOffOrON
 .text.SevenSeg_VoidDisplyNumber
                0x000021d6       0x2a ./EHAL/SEVEN-SEGMINT/Source/Seven_Seg_Prog.o
                0x000021d6                SevenSeg_VoidDisplyNumber
 .text.Seven_Segment_Pin_0
                0x00002200       0x36 ./EHAL/SEVEN-SEGMINT/Source/Seven_Seg_Prog.o
                0x00002200                Seven_Segment_Pin_0
 .text.Seven_Segment_Pin_1
                0x00002236       0x36 ./EHAL/SEVEN-SEGMINT/Source/Seven_Seg_Prog.o
                0x00002236                Seven_Segment_Pin_1
 .text.Seven_Segment_Pin_00
                0x0000226c       0x36 ./EHAL/SEVEN-SEGMINT/Source/Seven_Seg_Prog.o
                0x0000226c                Seven_Segment_Pin_00
 .text.Seven_Segment_Pin_11
                0x000022a2       0x36 ./EHAL/SEVEN-SEGMINT/Source/Seven_Seg_Prog.o
                0x000022a2                Seven_Segment_Pin_11
 .text.SevenSeg_VoidDisplyNumberByBCD
                0x000022d8       0x30 ./EHAL/SEVEN-SEGMINT/Source/Seven_Seg_Prog.o
                0x000022d8                SevenSeg_VoidDisplyNumberByBCD
 .text.print_seven_seg_2_digit
                0x00002308      0x25e ./EHAL/SEVEN-SEGMINT/Source/Seven_Seg_Prog.o
                0x00002308                print_seven_seg_2_digit
 .text.SpetialSeven7
                0x00002566      0x160 ./EHAL/SEVEN-SEGMINT/Source/Seven_Seg_Prog.o
                0x00002566                SpetialSeven7
 .text.Servo_Init
                0x000026c6       0x1c ./EHAL/SERVO/servo.o
                0x000026c6                Servo_Init
 .text.Sevro_Degre
                0x000026e2       0x42 ./EHAL/SERVO/servo.o
                0x000026e2                Sevro_Degre
 .text.LED_VoidInit
                0x00002724       0x22 ./EHAL/LED/Source/Led_Prog.o
                0x00002724                LED_VoidInit
 .text.LED_VoidOnLed
                0x00002746       0x1e ./EHAL/LED/Source/Led_Prog.o
                0x00002746                LED_VoidOnLed
 .text.LED_VoidOffLed
                0x00002764       0x1e ./EHAL/LED/Source/Led_Prog.o
                0x00002764                LED_VoidOffLed
 .text.LED_VoidToggelLed
                0x00002782       0x1c ./EHAL/LED/Source/Led_Prog.o
                0x00002782                LED_VoidToggelLed
 .text.LED_VoidFlashLed
                0x0000279e      0x204 ./EHAL/LED/Source/Led_Prog.o
                0x0000279e                LED_VoidFlashLed
 .text.LDR_Range
                0x000029a2       0x5e ./EHAL/LDR/LDR.o
                0x000029a2                LDR_Range
 .text.LCD_Init
                0x00002a00      0x13e ./EHAL/LCD/Source/Lcd_Prog.o
                0x00002a00                LCD_Init
 .text.LCD_LOCATION_ROW_COLuM
                0x00002b3e       0x50 ./EHAL/LCD/Source/Lcd_Prog.o
                0x00002b3e                LCD_LOCATION_ROW_COLuM
 .text.LCD_Commands
                0x00002b8e      0x386 ./EHAL/LCD/Source/Lcd_Prog.o
                0x00002b8e                LCD_Commands
 .text.LCD_Write_Caracter
                0x00002f14      0x386 ./EHAL/LCD/Source/Lcd_Prog.o
                0x00002f14                LCD_Write_Caracter
 .text.LCD_Write_String
                0x0000329a       0x52 ./EHAL/LCD/Source/Lcd_Prog.o
                0x0000329a                LCD_Write_String
 .text.Lcd_Clear
                0x000032ec       0x14 ./EHAL/LCD/Source/Lcd_Prog.o
                0x000032ec                Lcd_Clear
 .text.SET_CGRAM
                0x00003300      0x234 ./EHAL/LCD/Source/Lcd_Prog.o
                0x00003300                SET_CGRAM
 .text.LCD_Write_Number
                0x00003534      0x102 ./EHAL/LCD/Source/Lcd_Prog.o
                0x00003534                LCD_Write_Number
 .text.CLCD_voidWriteNumber
                0x00003636       0xe8 ./EHAL/LCD/Source/Lcd_Prog.o
                0x00003636                CLCD_voidWriteNumber
 .text.KPD_u8adjust4x4KPD
                0x0000371e      0x14c ./EHAL/KEYBAD/Source/Keybad_Prog.o
 .text.KEYBAD_ReturnData
                0x0000386a      0x196 ./EHAL/KEYBAD/Source/Keybad_Prog.o
                0x0000386a                KEYBAD_ReturnData
 .text.EEPROM_writeByte
                0x00003a00      0x136 ./EHAL/EXT_EEPROM/src/EXT_EEPROM.o
                0x00003a00                EEPROM_writeByte
 .text.EEPROM_readByte
                0x00003b36       0x5a ./EHAL/EXT_EEPROM/src/EXT_EEPROM.o
                0x00003b36                EEPROM_readByte
 .text.DC_Init  0x00003b90       0x1c ./EHAL/DC/DC.o
                0x00003b90                DC_Init
 .text.DC_ON_OFF
                0x00003bac       0x36 ./EHAL/DC/DC.o
                0x00003bac                DC_ON_OFF
 .text.BUZZER_Init
                0x00003be2       0x1c ./EHAL/BUZZER/BUZZER.o
                0x00003be2                BUZZER_Init
 .text.BUZZER_ON_OFF
                0x00003bfe       0x36 ./EHAL/BUZZER/BUZZER.o
                0x00003bfe                BUZZER_ON_OFF
 .text.project  0x00003c34      0x11e ./APP/APP_Smart_Home/APP.o
                0x00003c34                project
 .text.__vector_1
                0x00003d52       0x58 ./APP/APP_Smart_Home/APP.o
                0x00003d52                __vector_1
 .text.keybad_System
                0x00003daa     0x10ce ./APP/APP_Smart_Home/APP.o
                0x00003daa                keybad_System
 .text.libgcc   0x00004e78       0x18 c:/users/kareem ashraf/downloads/imt_sdk_win_64/imt_sdk_win_64/winavr/bin/../lib/gcc/avr/4.3.3/avr5\libgcc.a(_udivmodqi4.o)
                0x00004e78                __udivmodqi4
 .text.libgcc   0x00004e90       0x44 c:/users/kareem ashraf/downloads/imt_sdk_win_64/imt_sdk_win_64/winavr/bin/../lib/gcc/avr/4.3.3/avr5\libgcc.a(_udivmodsi4.o)
                0x00004e90                __udivmodsi4
 .text.libgcc   0x00004ed4        0x0 c:/users/kareem ashraf/downloads/imt_sdk_win_64/imt_sdk_win_64/winavr/bin/../lib/gcc/avr/4.3.3/avr5\libgcc.a(_exit.o)
 .text.libgcc   0x00004ed4        0x0 c:/users/kareem ashraf/downloads/imt_sdk_win_64/imt_sdk_win_64/winavr/bin/../lib/gcc/avr/4.3.3/avr5\libgcc.a(_copy_data.o)
 .text.libgcc   0x00004ed4        0x0 c:/users/kareem ashraf/downloads/imt_sdk_win_64/imt_sdk_win_64/winavr/bin/../lib/gcc/avr/4.3.3/avr5\libgcc.a(_clear_bss.o)
 .text.libgcc   0x00004ed4       0x38 c:/users/kareem ashraf/downloads/imt_sdk_win_64/imt_sdk_win_64/winavr/bin/../lib/gcc/avr/4.3.3/avr5\libgcc.a(_prologue.o)
                0x00004ed4                __prologue_saves__
 .text.libgcc   0x00004f0c       0x36 c:/users/kareem ashraf/downloads/imt_sdk_win_64/imt_sdk_win_64/winavr/bin/../lib/gcc/avr/4.3.3/avr5\libgcc.a(_epilogue.o)
                0x00004f0c                __epilogue_restores__
                0x00004f42                . = ALIGN (0x2)
 *(.fini9)
 .fini9         0x00004f42        0x0 c:/users/kareem ashraf/downloads/imt_sdk_win_64/imt_sdk_win_64/winavr/bin/../lib/gcc/avr/4.3.3/avr5\libgcc.a(_exit.o)
                0x00004f42                exit
                0x00004f42                _exit
 *(.fini9)
 *(.fini8)
 *(.fini8)
 *(.fini7)
 *(.fini7)
 *(.fini6)
 *(.fini6)
 *(.fini5)
 *(.fini5)
 *(.fini4)
 *(.fini4)
 *(.fini3)
 *(.fini3)
 *(.fini2)
 *(.fini2)
 *(.fini1)
 *(.fini1)
 *(.fini0)
 .fini0         0x00004f42        0x4 c:/users/kareem ashraf/downloads/imt_sdk_win_64/imt_sdk_win_64/winavr/bin/../lib/gcc/avr/4.3.3/avr5\libgcc.a(_exit.o)
 *(.fini0)
                0x00004f46                _etext = .

.data           0x00800060      0x18c load address 0x00004f46
                0x00800060                PROVIDE (__data_start, .)
 *(.data)
 .data          0x00800060        0x0 c:/users/kareem ashraf/downloads/imt_sdk_win_64/imt_sdk_win_64/winavr/bin/../lib/gcc/avr/4.3.3/../../../../avr/lib/avr5/crtm32.o
 .data          0x00800060        0x0 ./RUN_MAIN/main.o
 .data          0x00800060        0x0 ./MCAL/WATCH_DOG/WDT_program.o
 .data          0x00800060        0x0 ./MCAL/TIMER1/Source/Timer1_Prog.o
 .data          0x00800060        0x0 ./MCAL/I2C/src/TWI_prog.o
 .data          0x00800060        0x0 ./MCAL/GIE/Source/GIE_Prog.o
 .data          0x00800060        0x0 ./MCAL/EXT_INTERRUPTS/src/INTERRUPTS_prog.o
 .data          0x00800060        0x0 ./MCAL/EEPROM/Source/EEPROM_Prog.o
 .data          0x00800060        0x0 ./MCAL/DIO/Source/Dio_Prog.o
 .data          0x00800060        0x0 ./MCAL/ADC_G/adc.o
 .data          0x00800060        0x0 ./EHAL/TEMP_SENSOR/src/TEMP_SENSOR_prog.o
 .data          0x00800060        0x0 ./EHAL/SEVEN-SEGMINT/Source/Seven_Seg_Prog.o
 .data          0x00800060        0x0 ./EHAL/SERVO/servo.o
 .data          0x00800060        0x0 ./EHAL/LED/Source/Led_Prog.o
 .data          0x00800060        0x0 ./EHAL/LDR/LDR.o
 .data          0x00800060        0x0 ./EHAL/LCD/Source/Lcd_Prog.o
 .data          0x00800060        0x0 ./EHAL/KEYBAD/Source/Keybad_Prog.o
 .data          0x00800060        0x0 ./EHAL/EXT_EEPROM/src/EXT_EEPROM.o
 .data          0x00800060        0x0 ./EHAL/DC/DC.o
 .data          0x00800060        0x0 ./EHAL/BUZZER/BUZZER.o
 .data          0x00800060       0x7a ./APP/APP_Smart_Home/APP.o
 .data          0x008000da        0x0 c:/users/kareem ashraf/downloads/imt_sdk_win_64/imt_sdk_win_64/winavr/bin/../lib/gcc/avr/4.3.3/avr5\libgcc.a(_udivmodqi4.o)
 .data          0x008000da        0x0 c:/users/kareem ashraf/downloads/imt_sdk_win_64/imt_sdk_win_64/winavr/bin/../lib/gcc/avr/4.3.3/avr5\libgcc.a(_udivmodsi4.o)
 .data          0x008000da        0x0 c:/users/kareem ashraf/downloads/imt_sdk_win_64/imt_sdk_win_64/winavr/bin/../lib/gcc/avr/4.3.3/avr5\libgcc.a(_exit.o)
 .data          0x008000da        0x0 c:/users/kareem ashraf/downloads/imt_sdk_win_64/imt_sdk_win_64/winavr/bin/../lib/gcc/avr/4.3.3/avr5\libgcc.a(_copy_data.o)
 .data          0x008000da        0x0 c:/users/kareem ashraf/downloads/imt_sdk_win_64/imt_sdk_win_64/winavr/bin/../lib/gcc/avr/4.3.3/avr5\libgcc.a(_clear_bss.o)
 .data          0x008000da        0x0 c:/users/kareem ashraf/downloads/imt_sdk_win_64/imt_sdk_win_64/winavr/bin/../lib/gcc/avr/4.3.3/avr5\libgcc.a(_fixunssfsi.o)
 .data          0x008000da        0x0 c:/users/kareem ashraf/downloads/imt_sdk_win_64/imt_sdk_win_64/winavr/bin/../lib/gcc/avr/4.3.3/avr5\libgcc.a(_addsub_sf.o)
 .data          0x008000da        0x0 c:/users/kareem ashraf/downloads/imt_sdk_win_64/imt_sdk_win_64/winavr/bin/../lib/gcc/avr/4.3.3/avr5\libgcc.a(_mul_sf.o)
 .data          0x008000da        0x0 c:/users/kareem ashraf/downloads/imt_sdk_win_64/imt_sdk_win_64/winavr/bin/../lib/gcc/avr/4.3.3/avr5\libgcc.a(_div_sf.o)
 .data          0x008000da        0x0 c:/users/kareem ashraf/downloads/imt_sdk_win_64/imt_sdk_win_64/winavr/bin/../lib/gcc/avr/4.3.3/avr5\libgcc.a(_gt_sf.o)
 .data          0x008000da        0x0 c:/users/kareem ashraf/downloads/imt_sdk_win_64/imt_sdk_win_64/winavr/bin/../lib/gcc/avr/4.3.3/avr5\libgcc.a(_ge_sf.o)
 .data          0x008000da        0x0 c:/users/kareem ashraf/downloads/imt_sdk_win_64/imt_sdk_win_64/winavr/bin/../lib/gcc/avr/4.3.3/avr5\libgcc.a(_lt_sf.o)
 .data          0x008000da        0x0 c:/users/kareem ashraf/downloads/imt_sdk_win_64/imt_sdk_win_64/winavr/bin/../lib/gcc/avr/4.3.3/avr5\libgcc.a(_sf_to_si.o)
 .data          0x008000da        0x8 c:/users/kareem ashraf/downloads/imt_sdk_win_64/imt_sdk_win_64/winavr/bin/../lib/gcc/avr/4.3.3/avr5\libgcc.a(_thenan_sf.o)
                0x008000da                __thenan_sf
 .data          0x008000e2        0x0 c:/users/kareem ashraf/downloads/imt_sdk_win_64/imt_sdk_win_64/winavr/bin/../lib/gcc/avr/4.3.3/avr5\libgcc.a(_usi_to_sf.o)
 .data          0x008000e2        0x0 c:/users/kareem ashraf/downloads/imt_sdk_win_64/imt_sdk_win_64/winavr/bin/../lib/gcc/avr/4.3.3/avr5\libgcc.a(_prologue.o)
 .data          0x008000e2        0x0 c:/users/kareem ashraf/downloads/imt_sdk_win_64/imt_sdk_win_64/winavr/bin/../lib/gcc/avr/4.3.3/avr5\libgcc.a(_epilogue.o)
 .data          0x008000e2        0x0 c:/users/kareem ashraf/downloads/imt_sdk_win_64/imt_sdk_win_64/winavr/bin/../lib/gcc/avr/4.3.3/avr5\libgcc.a(_clzsi2.o)
 .data          0x008000e2        0x0 c:/users/kareem ashraf/downloads/imt_sdk_win_64/imt_sdk_win_64/winavr/bin/../lib/gcc/avr/4.3.3/avr5\libgcc.a(_pack_sf.o)
 .data          0x008000e2        0x0 c:/users/kareem ashraf/downloads/imt_sdk_win_64/imt_sdk_win_64/winavr/bin/../lib/gcc/avr/4.3.3/avr5\libgcc.a(_unpack_sf.o)
 .data          0x008000e2        0x0 c:/users/kareem ashraf/downloads/imt_sdk_win_64/imt_sdk_win_64/winavr/bin/../lib/gcc/avr/4.3.3/avr5\libgcc.a(_fpcmp_parts_sf.o)
 .data          0x008000e2      0x100 c:/users/kareem ashraf/downloads/imt_sdk_win_64/imt_sdk_win_64/winavr/bin/../lib/gcc/avr/4.3.3/avr5\libgcc.a(_clz.o)
                0x008000e2                __clz_tab
 *(.data*)
 *(.rodata)
 *(.rodata*)
 .rodata.array  0x008001e2        0xa ./EHAL/SEVEN-SEGMINT/Source/Seven_Seg_Prog.o
                0x008001e2                array
 *(.gnu.linkonce.d*)
                0x008001ec                . = ALIGN (0x2)
                0x008001ec                _edata = .
                0x008001ec                PROVIDE (__data_end, .)

.bss            0x008001ec        0x5
                0x008001ec                PROVIDE (__bss_start, .)
 *(.bss)
 .bss           0x008001ec        0x0 c:/users/kareem ashraf/downloads/imt_sdk_win_64/imt_sdk_win_64/winavr/bin/../lib/gcc/avr/4.3.3/../../../../avr/lib/avr5/crtm32.o
 .bss           0x008001ec        0x0 ./RUN_MAIN/main.o
 .bss           0x008001ec        0x0 ./MCAL/WATCH_DOG/WDT_program.o
 .bss           0x008001ec        0x0 ./MCAL/TIMER1/Source/Timer1_Prog.o
 .bss           0x008001ec        0x0 ./MCAL/I2C/src/TWI_prog.o
 .bss           0x008001ec        0x0 ./MCAL/GIE/Source/GIE_Prog.o
 .bss           0x008001ec        0x0 ./MCAL/EXT_INTERRUPTS/src/INTERRUPTS_prog.o
 .bss           0x008001ec        0x0 ./MCAL/EEPROM/Source/EEPROM_Prog.o
 .bss           0x008001ec        0x0 ./MCAL/DIO/Source/Dio_Prog.o
 .bss           0x008001ec        0x0 ./MCAL/ADC_G/adc.o
 .bss           0x008001ec        0x0 ./EHAL/TEMP_SENSOR/src/TEMP_SENSOR_prog.o
 .bss           0x008001ec        0x0 ./EHAL/SEVEN-SEGMINT/Source/Seven_Seg_Prog.o
 .bss           0x008001ec        0x0 ./EHAL/SERVO/servo.o
 .bss           0x008001ec        0x0 ./EHAL/LED/Source/Led_Prog.o
 .bss           0x008001ec        0x0 ./EHAL/LDR/LDR.o
 .bss           0x008001ec        0x0 ./EHAL/LCD/Source/Lcd_Prog.o
 .bss           0x008001ec        0x0 ./EHAL/KEYBAD/Source/Keybad_Prog.o
 .bss           0x008001ec        0x0 ./EHAL/EXT_EEPROM/src/EXT_EEPROM.o
 .bss           0x008001ec        0x0 ./EHAL/DC/DC.o
 .bss           0x008001ec        0x0 ./EHAL/BUZZER/BUZZER.o
 .bss           0x008001ec        0x0 ./APP/APP_Smart_Home/APP.o
 .bss           0x008001ec        0x0 c:/users/kareem ashraf/downloads/imt_sdk_win_64/imt_sdk_win_64/winavr/bin/../lib/gcc/avr/4.3.3/avr5\libgcc.a(_udivmodqi4.o)
 .bss           0x008001ec        0x0 c:/users/kareem ashraf/downloads/imt_sdk_win_64/imt_sdk_win_64/winavr/bin/../lib/gcc/avr/4.3.3/avr5\libgcc.a(_udivmodsi4.o)
 .bss           0x008001ec        0x0 c:/users/kareem ashraf/downloads/imt_sdk_win_64/imt_sdk_win_64/winavr/bin/../lib/gcc/avr/4.3.3/avr5\libgcc.a(_exit.o)
 .bss           0x008001ec        0x0 c:/users/kareem ashraf/downloads/imt_sdk_win_64/imt_sdk_win_64/winavr/bin/../lib/gcc/avr/4.3.3/avr5\libgcc.a(_copy_data.o)
 .bss           0x008001ec        0x0 c:/users/kareem ashraf/downloads/imt_sdk_win_64/imt_sdk_win_64/winavr/bin/../lib/gcc/avr/4.3.3/avr5\libgcc.a(_clear_bss.o)
 .bss           0x008001ec        0x0 c:/users/kareem ashraf/downloads/imt_sdk_win_64/imt_sdk_win_64/winavr/bin/../lib/gcc/avr/4.3.3/avr5\libgcc.a(_fixunssfsi.o)
 .bss           0x008001ec        0x0 c:/users/kareem ashraf/downloads/imt_sdk_win_64/imt_sdk_win_64/winavr/bin/../lib/gcc/avr/4.3.3/avr5\libgcc.a(_addsub_sf.o)
 .bss           0x008001ec        0x0 c:/users/kareem ashraf/downloads/imt_sdk_win_64/imt_sdk_win_64/winavr/bin/../lib/gcc/avr/4.3.3/avr5\libgcc.a(_mul_sf.o)
 .bss           0x008001ec        0x0 c:/users/kareem ashraf/downloads/imt_sdk_win_64/imt_sdk_win_64/winavr/bin/../lib/gcc/avr/4.3.3/avr5\libgcc.a(_div_sf.o)
 .bss           0x008001ec        0x0 c:/users/kareem ashraf/downloads/imt_sdk_win_64/imt_sdk_win_64/winavr/bin/../lib/gcc/avr/4.3.3/avr5\libgcc.a(_gt_sf.o)
 .bss           0x008001ec        0x0 c:/users/kareem ashraf/downloads/imt_sdk_win_64/imt_sdk_win_64/winavr/bin/../lib/gcc/avr/4.3.3/avr5\libgcc.a(_ge_sf.o)
 .bss           0x008001ec        0x0 c:/users/kareem ashraf/downloads/imt_sdk_win_64/imt_sdk_win_64/winavr/bin/../lib/gcc/avr/4.3.3/avr5\libgcc.a(_lt_sf.o)
 .bss           0x008001ec        0x0 c:/users/kareem ashraf/downloads/imt_sdk_win_64/imt_sdk_win_64/winavr/bin/../lib/gcc/avr/4.3.3/avr5\libgcc.a(_sf_to_si.o)
 .bss           0x008001ec        0x0 c:/users/kareem ashraf/downloads/imt_sdk_win_64/imt_sdk_win_64/winavr/bin/../lib/gcc/avr/4.3.3/avr5\libgcc.a(_thenan_sf.o)
 .bss           0x008001ec        0x0 c:/users/kareem ashraf/downloads/imt_sdk_win_64/imt_sdk_win_64/winavr/bin/../lib/gcc/avr/4.3.3/avr5\libgcc.a(_usi_to_sf.o)
 .bss           0x008001ec        0x0 c:/users/kareem ashraf/downloads/imt_sdk_win_64/imt_sdk_win_64/winavr/bin/../lib/gcc/avr/4.3.3/avr5\libgcc.a(_prologue.o)
 .bss           0x008001ec        0x0 c:/users/kareem ashraf/downloads/imt_sdk_win_64/imt_sdk_win_64/winavr/bin/../lib/gcc/avr/4.3.3/avr5\libgcc.a(_epilogue.o)
 .bss           0x008001ec        0x0 c:/users/kareem ashraf/downloads/imt_sdk_win_64/imt_sdk_win_64/winavr/bin/../lib/gcc/avr/4.3.3/avr5\libgcc.a(_clzsi2.o)
 .bss           0x008001ec        0x0 c:/users/kareem ashraf/downloads/imt_sdk_win_64/imt_sdk_win_64/winavr/bin/../lib/gcc/avr/4.3.3/avr5\libgcc.a(_pack_sf.o)
 .bss           0x008001ec        0x0 c:/users/kareem ashraf/downloads/imt_sdk_win_64/imt_sdk_win_64/winavr/bin/../lib/gcc/avr/4.3.3/avr5\libgcc.a(_unpack_sf.o)
 .bss           0x008001ec        0x0 c:/users/kareem ashraf/downloads/imt_sdk_win_64/imt_sdk_win_64/winavr/bin/../lib/gcc/avr/4.3.3/avr5\libgcc.a(_fpcmp_parts_sf.o)
 .bss           0x008001ec        0x0 c:/users/kareem ashraf/downloads/imt_sdk_win_64/imt_sdk_win_64/winavr/bin/../lib/gcc/avr/4.3.3/avr5\libgcc.a(_clz.o)
 *(.bss*)
 .bss.pointer_IC
                0x008001ec        0x2 ./MCAL/TIMER1/Source/Timer1_Prog.o
 .bss.TOKEYBAD  0x008001ee        0x1 ./APP/APP_Smart_Home/APP.o
                0x008001ee                TOKEYBAD
 .bss.Counter.1425
                0x008001ef        0x2 ./APP/APP_Smart_Home/APP.o
 *(COMMON)
                0x008001f1                PROVIDE (__bss_end, .)
                0x00004f46                __data_load_start = LOADADDR (.data)
                0x000050d2                __data_load_end = (__data_load_start + SIZEOF (.data))

.noinit         0x008001f1        0x0
                0x008001f1                PROVIDE (__noinit_start, .)
 *(.noinit*)
                0x008001f1                PROVIDE (__noinit_end, .)
                0x008001f1                _end = .
                0x008001f1                PROVIDE (__heap_start, .)

.eeprom         0x00810000        0x0
 *(.eeprom*)
                0x00810000                __eeprom_end = .

.fuse
 *(.fuse)
 *(.lfuse)
 *(.hfuse)
 *(.efuse)

.lock
 *(.lock*)

.signature
 *(.signature*)

.stab           0x00000000     0x5c64
 *(.stab)
 .stab          0x00000000      0x2e8 ./RUN_MAIN/main.o
 .stab          0x000002e8      0x1b0 ./MCAL/WATCH_DOG/WDT_program.o
                                0x1bc (size before relaxing)
 .stab          0x00000498      0x444 ./MCAL/TIMER1/Source/Timer1_Prog.o
                                0x5dc (size before relaxing)
 .stab          0x000008dc      0x72c ./MCAL/I2C/src/TWI_prog.o
                                0x738 (size before relaxing)
 .stab          0x00001008      0x1e0 ./MCAL/GIE/Source/GIE_Prog.o
                                0x378 (size before relaxing)
 .stab          0x000011e8      0x294 ./MCAL/EXT_INTERRUPTS/src/INTERRUPTS_prog.o
                                0x42c (size before relaxing)
 .stab          0x0000147c      0x2a0 ./MCAL/EEPROM/Source/EEPROM_Prog.o
                                0x438 (size before relaxing)
 .stab          0x0000171c      0x960 ./MCAL/DIO/Source/Dio_Prog.o
                                0xaf8 (size before relaxing)
 .stab          0x0000207c      0x264 ./MCAL/ADC_G/adc.o
                                0x414 (size before relaxing)
 .stab          0x000022e0      0x240 ./EHAL/TEMP_SENSOR/src/TEMP_SENSOR_prog.o
                                0x3d8 (size before relaxing)
 .stab          0x00002520      0x834 ./EHAL/SEVEN-SEGMINT/Source/Seven_Seg_Prog.o
                                0x9cc (size before relaxing)
 .stab          0x00002d54      0x240 ./EHAL/SERVO/servo.o
                                0x3fc (size before relaxing)
 .stab          0x00002f94      0x420 ./EHAL/LED/Source/Led_Prog.o
                                0x5b8 (size before relaxing)
 .stab          0x000033b4      0x21c ./EHAL/LDR/LDR.o
                                0x3b4 (size before relaxing)
 .stab          0x000035d0      0xc30 ./EHAL/LCD/Source/Lcd_Prog.o
                                0xdc8 (size before relaxing)
 .stab          0x00004200      0x408 ./EHAL/KEYBAD/Source/Keybad_Prog.o
                                0x5a0 (size before relaxing)
 .stab          0x00004608      0x3cc ./EHAL/EXT_EEPROM/src/EXT_EEPROM.o
                                0x564 (size before relaxing)
 .stab          0x000049d4      0x210 ./EHAL/DC/DC.o
                                0x3a8 (size before relaxing)
 .stab          0x00004be4      0x210 ./EHAL/BUZZER/BUZZER.o
                                0x3a8 (size before relaxing)
 .stab          0x00004df4      0xe70 ./APP/APP_Smart_Home/APP.o
                               0x1008 (size before relaxing)

.stabstr        0x00000000     0x28a7
 *(.stabstr)
 .stabstr       0x00000000     0x28a7 ./RUN_MAIN/main.o

.stab.excl
 *(.stab.excl)

.stab.exclstr
 *(.stab.exclstr)

.stab.index
 *(.stab.index)

.stab.indexstr
 *(.stab.indexstr)

.comment
 *(.comment)

.debug
 *(.debug)

.line
 *(.line)

.debug_srcinfo
 *(.debug_srcinfo)

.debug_sfnames
 *(.debug_sfnames)

.debug_aranges  0x00000000      0x1a0
 *(.debug_aranges)
 .debug_aranges
                0x00000000       0x20 c:/users/kareem ashraf/downloads/imt_sdk_win_64/imt_sdk_win_64/winavr/bin/../lib/gcc/avr/4.3.3/avr5\libgcc.a(_fixunssfsi.o)
 .debug_aranges
                0x00000020       0x20 c:/users/kareem ashraf/downloads/imt_sdk_win_64/imt_sdk_win_64/winavr/bin/../lib/gcc/avr/4.3.3/avr5\libgcc.a(_addsub_sf.o)
 .debug_aranges
                0x00000040       0x20 c:/users/kareem ashraf/downloads/imt_sdk_win_64/imt_sdk_win_64/winavr/bin/../lib/gcc/avr/4.3.3/avr5\libgcc.a(_mul_sf.o)
 .debug_aranges
                0x00000060       0x20 c:/users/kareem ashraf/downloads/imt_sdk_win_64/imt_sdk_win_64/winavr/bin/../lib/gcc/avr/4.3.3/avr5\libgcc.a(_div_sf.o)
 .debug_aranges
                0x00000080       0x20 c:/users/kareem ashraf/downloads/imt_sdk_win_64/imt_sdk_win_64/winavr/bin/../lib/gcc/avr/4.3.3/avr5\libgcc.a(_gt_sf.o)
 .debug_aranges
                0x000000a0       0x20 c:/users/kareem ashraf/downloads/imt_sdk_win_64/imt_sdk_win_64/winavr/bin/../lib/gcc/avr/4.3.3/avr5\libgcc.a(_ge_sf.o)
 .debug_aranges
                0x000000c0       0x20 c:/users/kareem ashraf/downloads/imt_sdk_win_64/imt_sdk_win_64/winavr/bin/../lib/gcc/avr/4.3.3/avr5\libgcc.a(_lt_sf.o)
 .debug_aranges
                0x000000e0       0x20 c:/users/kareem ashraf/downloads/imt_sdk_win_64/imt_sdk_win_64/winavr/bin/../lib/gcc/avr/4.3.3/avr5\libgcc.a(_sf_to_si.o)
 .debug_aranges
                0x00000100       0x20 c:/users/kareem ashraf/downloads/imt_sdk_win_64/imt_sdk_win_64/winavr/bin/../lib/gcc/avr/4.3.3/avr5\libgcc.a(_usi_to_sf.o)
 .debug_aranges
                0x00000120       0x20 c:/users/kareem ashraf/downloads/imt_sdk_win_64/imt_sdk_win_64/winavr/bin/../lib/gcc/avr/4.3.3/avr5\libgcc.a(_clzsi2.o)
 .debug_aranges
                0x00000140       0x20 c:/users/kareem ashraf/downloads/imt_sdk_win_64/imt_sdk_win_64/winavr/bin/../lib/gcc/avr/4.3.3/avr5\libgcc.a(_pack_sf.o)
 .debug_aranges
                0x00000160       0x20 c:/users/kareem ashraf/downloads/imt_sdk_win_64/imt_sdk_win_64/winavr/bin/../lib/gcc/avr/4.3.3/avr5\libgcc.a(_unpack_sf.o)
 .debug_aranges
                0x00000180       0x20 c:/users/kareem ashraf/downloads/imt_sdk_win_64/imt_sdk_win_64/winavr/bin/../lib/gcc/avr/4.3.3/avr5\libgcc.a(_fpcmp_parts_sf.o)

.debug_pubnames
                0x00000000      0x1f2
 *(.debug_pubnames)
 .debug_pubnames
                0x00000000       0x23 c:/users/kareem ashraf/downloads/imt_sdk_win_64/imt_sdk_win_64/winavr/bin/../lib/gcc/avr/4.3.3/avr5\libgcc.a(_fixunssfsi.o)
 .debug_pubnames
                0x00000023       0x2c c:/users/kareem ashraf/downloads/imt_sdk_win_64/imt_sdk_win_64/winavr/bin/../lib/gcc/avr/4.3.3/avr5\libgcc.a(_addsub_sf.o)
 .debug_pubnames
                0x0000004f       0x1f c:/users/kareem ashraf/downloads/imt_sdk_win_64/imt_sdk_win_64/winavr/bin/../lib/gcc/avr/4.3.3/avr5\libgcc.a(_mul_sf.o)
 .debug_pubnames
                0x0000006e       0x1f c:/users/kareem ashraf/downloads/imt_sdk_win_64/imt_sdk_win_64/winavr/bin/../lib/gcc/avr/4.3.3/avr5\libgcc.a(_div_sf.o)
 .debug_pubnames
                0x0000008d       0x1e c:/users/kareem ashraf/downloads/imt_sdk_win_64/imt_sdk_win_64/winavr/bin/../lib/gcc/avr/4.3.3/avr5\libgcc.a(_gt_sf.o)
 .debug_pubnames
                0x000000ab       0x1e c:/users/kareem ashraf/downloads/imt_sdk_win_64/imt_sdk_win_64/winavr/bin/../lib/gcc/avr/4.3.3/avr5\libgcc.a(_ge_sf.o)
 .debug_pubnames
                0x000000c9       0x1e c:/users/kareem ashraf/downloads/imt_sdk_win_64/imt_sdk_win_64/winavr/bin/../lib/gcc/avr/4.3.3/avr5\libgcc.a(_lt_sf.o)
 .debug_pubnames
                0x000000e7       0x20 c:/users/kareem ashraf/downloads/imt_sdk_win_64/imt_sdk_win_64/winavr/bin/../lib/gcc/avr/4.3.3/avr5\libgcc.a(_sf_to_si.o)
 .debug_pubnames
                0x00000107       0x22 c:/users/kareem ashraf/downloads/imt_sdk_win_64/imt_sdk_win_64/winavr/bin/../lib/gcc/avr/4.3.3/avr5\libgcc.a(_thenan_sf.o)
 .debug_pubnames
                0x00000129       0x24 c:/users/kareem ashraf/downloads/imt_sdk_win_64/imt_sdk_win_64/winavr/bin/../lib/gcc/avr/4.3.3/avr5\libgcc.a(_usi_to_sf.o)
 .debug_pubnames
                0x0000014d       0x1f c:/users/kareem ashraf/downloads/imt_sdk_win_64/imt_sdk_win_64/winavr/bin/../lib/gcc/avr/4.3.3/avr5\libgcc.a(_clzsi2.o)
 .debug_pubnames
                0x0000016c       0x1f c:/users/kareem ashraf/downloads/imt_sdk_win_64/imt_sdk_win_64/winavr/bin/../lib/gcc/avr/4.3.3/avr5\libgcc.a(_pack_sf.o)
 .debug_pubnames
                0x0000018b       0x21 c:/users/kareem ashraf/downloads/imt_sdk_win_64/imt_sdk_win_64/winavr/bin/../lib/gcc/avr/4.3.3/avr5\libgcc.a(_unpack_sf.o)
 .debug_pubnames
                0x000001ac       0x26 c:/users/kareem ashraf/downloads/imt_sdk_win_64/imt_sdk_win_64/winavr/bin/../lib/gcc/avr/4.3.3/avr5\libgcc.a(_fpcmp_parts_sf.o)
 .debug_pubnames
                0x000001d2       0x20 c:/users/kareem ashraf/downloads/imt_sdk_win_64/imt_sdk_win_64/winavr/bin/../lib/gcc/avr/4.3.3/avr5\libgcc.a(_clz.o)

.debug_info     0x00000000     0x240b
 *(.debug_info)
 .debug_info    0x00000000       0xb1 c:/users/kareem ashraf/downloads/imt_sdk_win_64/imt_sdk_win_64/winavr/bin/../lib/gcc/avr/4.3.3/avr5\libgcc.a(_fixunssfsi.o)
 .debug_info    0x000000b1      0x47a c:/users/kareem ashraf/downloads/imt_sdk_win_64/imt_sdk_win_64/winavr/bin/../lib/gcc/avr/4.3.3/avr5\libgcc.a(_addsub_sf.o)
 .debug_info    0x0000052b      0x485 c:/users/kareem ashraf/downloads/imt_sdk_win_64/imt_sdk_win_64/winavr/bin/../lib/gcc/avr/4.3.3/avr5\libgcc.a(_mul_sf.o)
 .debug_info    0x000009b0      0x3fc c:/users/kareem ashraf/downloads/imt_sdk_win_64/imt_sdk_win_64/winavr/bin/../lib/gcc/avr/4.3.3/avr5\libgcc.a(_div_sf.o)
 .debug_info    0x00000dac      0x27f c:/users/kareem ashraf/downloads/imt_sdk_win_64/imt_sdk_win_64/winavr/bin/../lib/gcc/avr/4.3.3/avr5\libgcc.a(_gt_sf.o)
 .debug_info    0x0000102b      0x27f c:/users/kareem ashraf/downloads/imt_sdk_win_64/imt_sdk_win_64/winavr/bin/../lib/gcc/avr/4.3.3/avr5\libgcc.a(_ge_sf.o)
 .debug_info    0x000012aa      0x27f c:/users/kareem ashraf/downloads/imt_sdk_win_64/imt_sdk_win_64/winavr/bin/../lib/gcc/avr/4.3.3/avr5\libgcc.a(_lt_sf.o)
 .debug_info    0x00001529      0x2b0 c:/users/kareem ashraf/downloads/imt_sdk_win_64/imt_sdk_win_64/winavr/bin/../lib/gcc/avr/4.3.3/avr5\libgcc.a(_sf_to_si.o)
 .debug_info    0x000017d9      0x12c c:/users/kareem ashraf/downloads/imt_sdk_win_64/imt_sdk_win_64/winavr/bin/../lib/gcc/avr/4.3.3/avr5\libgcc.a(_thenan_sf.o)
 .debug_info    0x00001905      0x206 c:/users/kareem ashraf/downloads/imt_sdk_win_64/imt_sdk_win_64/winavr/bin/../lib/gcc/avr/4.3.3/avr5\libgcc.a(_usi_to_sf.o)
 .debug_info    0x00001b0b      0x117 c:/users/kareem ashraf/downloads/imt_sdk_win_64/imt_sdk_win_64/winavr/bin/../lib/gcc/avr/4.3.3/avr5\libgcc.a(_clzsi2.o)
 .debug_info    0x00001c22      0x2df c:/users/kareem ashraf/downloads/imt_sdk_win_64/imt_sdk_win_64/winavr/bin/../lib/gcc/avr/4.3.3/avr5\libgcc.a(_pack_sf.o)
 .debug_info    0x00001f01      0x251 c:/users/kareem ashraf/downloads/imt_sdk_win_64/imt_sdk_win_64/winavr/bin/../lib/gcc/avr/4.3.3/avr5\libgcc.a(_unpack_sf.o)
 .debug_info    0x00002152      0x210 c:/users/kareem ashraf/downloads/imt_sdk_win_64/imt_sdk_win_64/winavr/bin/../lib/gcc/avr/4.3.3/avr5\libgcc.a(_fpcmp_parts_sf.o)
 .debug_info    0x00002362       0xa9 c:/users/kareem ashraf/downloads/imt_sdk_win_64/imt_sdk_win_64/winavr/bin/../lib/gcc/avr/4.3.3/avr5\libgcc.a(_clz.o)
 *(.gnu.linkonce.wi.*)

.debug_abbrev   0x00000000     0x1386
 *(.debug_abbrev)
 .debug_abbrev  0x00000000       0x5d c:/users/kareem ashraf/downloads/imt_sdk_win_64/imt_sdk_win_64/winavr/bin/../lib/gcc/avr/4.3.3/avr5\libgcc.a(_fixunssfsi.o)
 .debug_abbrev  0x0000005d      0x1ea c:/users/kareem ashraf/downloads/imt_sdk_win_64/imt_sdk_win_64/winavr/bin/../lib/gcc/avr/4.3.3/avr5\libgcc.a(_addsub_sf.o)
 .debug_abbrev  0x00000247      0x21b c:/users/kareem ashraf/downloads/imt_sdk_win_64/imt_sdk_win_64/winavr/bin/../lib/gcc/avr/4.3.3/avr5\libgcc.a(_mul_sf.o)
 .debug_abbrev  0x00000462      0x216 c:/users/kareem ashraf/downloads/imt_sdk_win_64/imt_sdk_win_64/winavr/bin/../lib/gcc/avr/4.3.3/avr5\libgcc.a(_div_sf.o)
 .debug_abbrev  0x00000678      0x15a c:/users/kareem ashraf/downloads/imt_sdk_win_64/imt_sdk_win_64/winavr/bin/../lib/gcc/avr/4.3.3/avr5\libgcc.a(_gt_sf.o)
 .debug_abbrev  0x000007d2      0x15a c:/users/kareem ashraf/downloads/imt_sdk_win_64/imt_sdk_win_64/winavr/bin/../lib/gcc/avr/4.3.3/avr5\libgcc.a(_ge_sf.o)
 .debug_abbrev  0x0000092c      0x15a c:/users/kareem ashraf/downloads/imt_sdk_win_64/imt_sdk_win_64/winavr/bin/../lib/gcc/avr/4.3.3/avr5\libgcc.a(_lt_sf.o)
 .debug_abbrev  0x00000a86      0x17f c:/users/kareem ashraf/downloads/imt_sdk_win_64/imt_sdk_win_64/winavr/bin/../lib/gcc/avr/4.3.3/avr5\libgcc.a(_sf_to_si.o)
 .debug_abbrev  0x00000c05       0xad c:/users/kareem ashraf/downloads/imt_sdk_win_64/imt_sdk_win_64/winavr/bin/../lib/gcc/avr/4.3.3/avr5\libgcc.a(_thenan_sf.o)
 .debug_abbrev  0x00000cb2      0x157 c:/users/kareem ashraf/downloads/imt_sdk_win_64/imt_sdk_win_64/winavr/bin/../lib/gcc/avr/4.3.3/avr5\libgcc.a(_usi_to_sf.o)
 .debug_abbrev  0x00000e09       0xc4 c:/users/kareem ashraf/downloads/imt_sdk_win_64/imt_sdk_win_64/winavr/bin/../lib/gcc/avr/4.3.3/avr5\libgcc.a(_clzsi2.o)
 .debug_abbrev  0x00000ecd      0x1c0 c:/users/kareem ashraf/downloads/imt_sdk_win_64/imt_sdk_win_64/winavr/bin/../lib/gcc/avr/4.3.3/avr5\libgcc.a(_pack_sf.o)
 .debug_abbrev  0x0000108d      0x154 c:/users/kareem ashraf/downloads/imt_sdk_win_64/imt_sdk_win_64/winavr/bin/../lib/gcc/avr/4.3.3/avr5\libgcc.a(_unpack_sf.o)
 .debug_abbrev  0x000011e1      0x13b c:/users/kareem ashraf/downloads/imt_sdk_win_64/imt_sdk_win_64/winavr/bin/../lib/gcc/avr/4.3.3/avr5\libgcc.a(_fpcmp_parts_sf.o)
 .debug_abbrev  0x0000131c       0x6a c:/users/kareem ashraf/downloads/imt_sdk_win_64/imt_sdk_win_64/winavr/bin/../lib/gcc/avr/4.3.3/avr5\libgcc.a(_clz.o)

.debug_line     0x00000000     0x11d6
 *(.debug_line)
 .debug_line    0x00000000       0xa7 c:/users/kareem ashraf/downloads/imt_sdk_win_64/imt_sdk_win_64/winavr/bin/../lib/gcc/avr/4.3.3/avr5\libgcc.a(_fixunssfsi.o)
 .debug_line    0x000000a7      0x2af c:/users/kareem ashraf/downloads/imt_sdk_win_64/imt_sdk_win_64/winavr/bin/../lib/gcc/avr/4.3.3/avr5\libgcc.a(_addsub_sf.o)
 .debug_line    0x00000356      0x239 c:/users/kareem ashraf/downloads/imt_sdk_win_64/imt_sdk_win_64/winavr/bin/../lib/gcc/avr/4.3.3/avr5\libgcc.a(_mul_sf.o)
 .debug_line    0x0000058f      0x1d5 c:/users/kareem ashraf/downloads/imt_sdk_win_64/imt_sdk_win_64/winavr/bin/../lib/gcc/avr/4.3.3/avr5\libgcc.a(_div_sf.o)
 .debug_line    0x00000764       0xd3 c:/users/kareem ashraf/downloads/imt_sdk_win_64/imt_sdk_win_64/winavr/bin/../lib/gcc/avr/4.3.3/avr5\libgcc.a(_gt_sf.o)
 .debug_line    0x00000837       0xd3 c:/users/kareem ashraf/downloads/imt_sdk_win_64/imt_sdk_win_64/winavr/bin/../lib/gcc/avr/4.3.3/avr5\libgcc.a(_ge_sf.o)
 .debug_line    0x0000090a       0xd3 c:/users/kareem ashraf/downloads/imt_sdk_win_64/imt_sdk_win_64/winavr/bin/../lib/gcc/avr/4.3.3/avr5\libgcc.a(_lt_sf.o)
 .debug_line    0x000009dd      0x109 c:/users/kareem ashraf/downloads/imt_sdk_win_64/imt_sdk_win_64/winavr/bin/../lib/gcc/avr/4.3.3/avr5\libgcc.a(_sf_to_si.o)
 .debug_line    0x00000ae6       0x90 c:/users/kareem ashraf/downloads/imt_sdk_win_64/imt_sdk_win_64/winavr/bin/../lib/gcc/avr/4.3.3/avr5\libgcc.a(_thenan_sf.o)
 .debug_line    0x00000b76      0x133 c:/users/kareem ashraf/downloads/imt_sdk_win_64/imt_sdk_win_64/winavr/bin/../lib/gcc/avr/4.3.3/avr5\libgcc.a(_usi_to_sf.o)
 .debug_line    0x00000ca9       0xa5 c:/users/kareem ashraf/downloads/imt_sdk_win_64/imt_sdk_win_64/winavr/bin/../lib/gcc/avr/4.3.3/avr5\libgcc.a(_clzsi2.o)
 .debug_line    0x00000d4e      0x18a c:/users/kareem ashraf/downloads/imt_sdk_win_64/imt_sdk_win_64/winavr/bin/../lib/gcc/avr/4.3.3/avr5\libgcc.a(_pack_sf.o)
 .debug_line    0x00000ed8      0x14b c:/users/kareem ashraf/downloads/imt_sdk_win_64/imt_sdk_win_64/winavr/bin/../lib/gcc/avr/4.3.3/avr5\libgcc.a(_unpack_sf.o)
 .debug_line    0x00001023      0x137 c:/users/kareem ashraf/downloads/imt_sdk_win_64/imt_sdk_win_64/winavr/bin/../lib/gcc/avr/4.3.3/avr5\libgcc.a(_fpcmp_parts_sf.o)
 .debug_line    0x0000115a       0x7c c:/users/kareem ashraf/downloads/imt_sdk_win_64/imt_sdk_win_64/winavr/bin/../lib/gcc/avr/4.3.3/avr5\libgcc.a(_clz.o)

.debug_frame    0x00000000      0x1c0
 *(.debug_frame)
 .debug_frame   0x00000000       0x20 c:/users/kareem ashraf/downloads/imt_sdk_win_64/imt_sdk_win_64/winavr/bin/../lib/gcc/avr/4.3.3/avr5\libgcc.a(_fixunssfsi.o)
 .debug_frame   0x00000020       0x40 c:/users/kareem ashraf/downloads/imt_sdk_win_64/imt_sdk_win_64/winavr/bin/../lib/gcc/avr/4.3.3/avr5\libgcc.a(_addsub_sf.o)
 .debug_frame   0x00000060       0x20 c:/users/kareem ashraf/downloads/imt_sdk_win_64/imt_sdk_win_64/winavr/bin/../lib/gcc/avr/4.3.3/avr5\libgcc.a(_mul_sf.o)
 .debug_frame   0x00000080       0x20 c:/users/kareem ashraf/downloads/imt_sdk_win_64/imt_sdk_win_64/winavr/bin/../lib/gcc/avr/4.3.3/avr5\libgcc.a(_div_sf.o)
 .debug_frame   0x000000a0       0x20 c:/users/kareem ashraf/downloads/imt_sdk_win_64/imt_sdk_win_64/winavr/bin/../lib/gcc/avr/4.3.3/avr5\libgcc.a(_gt_sf.o)
 .debug_frame   0x000000c0       0x20 c:/users/kareem ashraf/downloads/imt_sdk_win_64/imt_sdk_win_64/winavr/bin/../lib/gcc/avr/4.3.3/avr5\libgcc.a(_ge_sf.o)
 .debug_frame   0x000000e0       0x20 c:/users/kareem ashraf/downloads/imt_sdk_win_64/imt_sdk_win_64/winavr/bin/../lib/gcc/avr/4.3.3/avr5\libgcc.a(_lt_sf.o)
 .debug_frame   0x00000100       0x20 c:/users/kareem ashraf/downloads/imt_sdk_win_64/imt_sdk_win_64/winavr/bin/../lib/gcc/avr/4.3.3/avr5\libgcc.a(_sf_to_si.o)
 .debug_frame   0x00000120       0x20 c:/users/kareem ashraf/downloads/imt_sdk_win_64/imt_sdk_win_64/winavr/bin/../lib/gcc/avr/4.3.3/avr5\libgcc.a(_usi_to_sf.o)
 .debug_frame   0x00000140       0x20 c:/users/kareem ashraf/downloads/imt_sdk_win_64/imt_sdk_win_64/winavr/bin/../lib/gcc/avr/4.3.3/avr5\libgcc.a(_clzsi2.o)
 .debug_frame   0x00000160       0x20 c:/users/kareem ashraf/downloads/imt_sdk_win_64/imt_sdk_win_64/winavr/bin/../lib/gcc/avr/4.3.3/avr5\libgcc.a(_pack_sf.o)
 .debug_frame   0x00000180       0x20 c:/users/kareem ashraf/downloads/imt_sdk_win_64/imt_sdk_win_64/winavr/bin/../lib/gcc/avr/4.3.3/avr5\libgcc.a(_unpack_sf.o)
 .debug_frame   0x000001a0       0x20 c:/users/kareem ashraf/downloads/imt_sdk_win_64/imt_sdk_win_64/winavr/bin/../lib/gcc/avr/4.3.3/avr5\libgcc.a(_fpcmp_parts_sf.o)

.debug_str      0x00000000      0x2f6
 *(.debug_str)
 .debug_str     0x00000000       0xbf c:/users/kareem ashraf/downloads/imt_sdk_win_64/imt_sdk_win_64/winavr/bin/../lib/gcc/avr/4.3.3/avr5\libgcc.a(_fixunssfsi.o)
                                 0xfe (size before relaxing)
 .debug_str     0x000000bf      0x14d c:/users/kareem ashraf/downloads/imt_sdk_win_64/imt_sdk_win_64/winavr/bin/../lib/gcc/avr/4.3.3/avr5\libgcc.a(_addsub_sf.o)
                                0x206 (size before relaxing)
 .debug_str     0x0000020c       0x27 c:/users/kareem ashraf/downloads/imt_sdk_win_64/imt_sdk_win_64/winavr/bin/../lib/gcc/avr/4.3.3/avr5\libgcc.a(_mul_sf.o)
                                0x1bf (size before relaxing)
 .debug_str     0x00000233       0x35 c:/users/kareem ashraf/downloads/imt_sdk_win_64/imt_sdk_win_64/winavr/bin/../lib/gcc/avr/4.3.3/avr5\libgcc.a(_div_sf.o)
                                0x1c8 (size before relaxing)
 .debug_str     0x00000268        0x8 c:/users/kareem ashraf/downloads/imt_sdk_win_64/imt_sdk_win_64/winavr/bin/../lib/gcc/avr/4.3.3/avr5\libgcc.a(_gt_sf.o)
                                0x195 (size before relaxing)
 .debug_str     0x00000270        0x8 c:/users/kareem ashraf/downloads/imt_sdk_win_64/imt_sdk_win_64/winavr/bin/../lib/gcc/avr/4.3.3/avr5\libgcc.a(_ge_sf.o)
                                0x195 (size before relaxing)
 .debug_str     0x00000278        0x8 c:/users/kareem ashraf/downloads/imt_sdk_win_64/imt_sdk_win_64/winavr/bin/../lib/gcc/avr/4.3.3/avr5\libgcc.a(_lt_sf.o)
                                0x195 (size before relaxing)
 .debug_str     0x00000280        0xa c:/users/kareem ashraf/downloads/imt_sdk_win_64/imt_sdk_win_64/winavr/bin/../lib/gcc/avr/4.3.3/avr5\libgcc.a(_sf_to_si.o)
                                0x19e (size before relaxing)
 .debug_str     0x00000000      0x103 c:/users/kareem ashraf/downloads/imt_sdk_win_64/imt_sdk_win_64/winavr/bin/../lib/gcc/avr/4.3.3/avr5\libgcc.a(_thenan_sf.o)
 .debug_str     0x0000028a       0x21 c:/users/kareem ashraf/downloads/imt_sdk_win_64/imt_sdk_win_64/winavr/bin/../lib/gcc/avr/4.3.3/avr5\libgcc.a(_usi_to_sf.o)
                                0x177 (size before relaxing)
 .debug_str     0x000002ab       0x20 c:/users/kareem ashraf/downloads/imt_sdk_win_64/imt_sdk_win_64/winavr/bin/../lib/gcc/avr/4.3.3/avr5\libgcc.a(_clzsi2.o)
                                0x111 (size before relaxing)
 .debug_str     0x000002cb       0x10 c:/users/kareem ashraf/downloads/imt_sdk_win_64/imt_sdk_win_64/winavr/bin/../lib/gcc/avr/4.3.3/avr5\libgcc.a(_pack_sf.o)
                                0x19d (size before relaxing)
 .debug_str     0x000002db        0xb c:/users/kareem ashraf/downloads/imt_sdk_win_64/imt_sdk_win_64/winavr/bin/../lib/gcc/avr/4.3.3/avr5\libgcc.a(_unpack_sf.o)
                                0x17f (size before relaxing)
 .debug_str     0x000002e6       0x10 c:/users/kareem ashraf/downloads/imt_sdk_win_64/imt_sdk_win_64/winavr/bin/../lib/gcc/avr/4.3.3/avr5\libgcc.a(_fpcmp_parts_sf.o)
                                0x163 (size before relaxing)
 .debug_str     0x00000000       0xf4 c:/users/kareem ashraf/downloads/imt_sdk_win_64/imt_sdk_win_64/winavr/bin/../lib/gcc/avr/4.3.3/avr5\libgcc.a(_clz.o)

.debug_loc      0x00000000      0x96e
 *(.debug_loc)
 .debug_loc     0x00000000       0x34 c:/users/kareem ashraf/downloads/imt_sdk_win_64/imt_sdk_win_64/winavr/bin/../lib/gcc/avr/4.3.3/avr5\libgcc.a(_fixunssfsi.o)
 .debug_loc     0x00000034      0x32a c:/users/kareem ashraf/downloads/imt_sdk_win_64/imt_sdk_win_64/winavr/bin/../lib/gcc/avr/4.3.3/avr5\libgcc.a(_addsub_sf.o)
 .debug_loc     0x0000035e      0x104 c:/users/kareem ashraf/downloads/imt_sdk_win_64/imt_sdk_win_64/winavr/bin/../lib/gcc/avr/4.3.3/avr5\libgcc.a(_mul_sf.o)
 .debug_loc     0x00000462       0xc0 c:/users/kareem ashraf/downloads/imt_sdk_win_64/imt_sdk_win_64/winavr/bin/../lib/gcc/avr/4.3.3/avr5\libgcc.a(_div_sf.o)
 .debug_loc     0x00000522       0x3c c:/users/kareem ashraf/downloads/imt_sdk_win_64/imt_sdk_win_64/winavr/bin/../lib/gcc/avr/4.3.3/avr5\libgcc.a(_gt_sf.o)
 .debug_loc     0x0000055e       0x3c c:/users/kareem ashraf/downloads/imt_sdk_win_64/imt_sdk_win_64/winavr/bin/../lib/gcc/avr/4.3.3/avr5\libgcc.a(_ge_sf.o)
 .debug_loc     0x0000059a       0x3c c:/users/kareem ashraf/downloads/imt_sdk_win_64/imt_sdk_win_64/winavr/bin/../lib/gcc/avr/4.3.3/avr5\libgcc.a(_lt_sf.o)
 .debug_loc     0x000005d6       0x7e c:/users/kareem ashraf/downloads/imt_sdk_win_64/imt_sdk_win_64/winavr/bin/../lib/gcc/avr/4.3.3/avr5\libgcc.a(_sf_to_si.o)
 .debug_loc     0x00000654       0x4c c:/users/kareem ashraf/downloads/imt_sdk_win_64/imt_sdk_win_64/winavr/bin/../lib/gcc/avr/4.3.3/avr5\libgcc.a(_usi_to_sf.o)
 .debug_loc     0x000006a0       0x94 c:/users/kareem ashraf/downloads/imt_sdk_win_64/imt_sdk_win_64/winavr/bin/../lib/gcc/avr/4.3.3/avr5\libgcc.a(_clzsi2.o)
 .debug_loc     0x00000734      0x13e c:/users/kareem ashraf/downloads/imt_sdk_win_64/imt_sdk_win_64/winavr/bin/../lib/gcc/avr/4.3.3/avr5\libgcc.a(_pack_sf.o)
 .debug_loc     0x00000872       0xac c:/users/kareem ashraf/downloads/imt_sdk_win_64/imt_sdk_win_64/winavr/bin/../lib/gcc/avr/4.3.3/avr5\libgcc.a(_unpack_sf.o)
 .debug_loc     0x0000091e       0x50 c:/users/kareem ashraf/downloads/imt_sdk_win_64/imt_sdk_win_64/winavr/bin/../lib/gcc/avr/4.3.3/avr5\libgcc.a(_fpcmp_parts_sf.o)

.debug_macinfo
 *(.debug_macinfo)
OUTPUT(IMT_Smart_Home.elf elf32-avr)
LOAD linker stubs

.debug_ranges   0x00000000       0x50
 .debug_ranges  0x00000000       0x50 c:/users/kareem ashraf/downloads/imt_sdk_win_64/imt_sdk_win_64/winavr/bin/../lib/gcc/avr/4.3.3/avr5\libgcc.a(_mul_sf.o)
