Archive member included because of file (symbol)

c:/users/kareem ashraf/downloads/imt_sdk_win_64/imt_sdk_win_64/winavr/bin/../lib/gcc/avr/4.3.3/avr5\libgcc.a(_udivmodqi4.o)
                              ./EHAL/SEVEN-SEGMINT/Source/Seven_Seg_Prog.o (__udivmodqi4)
c:/users/kareem ashraf/downloads/imt_sdk_win_64/imt_sdk_win_64/winavr/bin/../lib/gcc/avr/4.3.3/avr5\libgcc.a(_udivmodsi4.o)
                              ./EHAL/LCD/Source/Lcd_Prog.o (__udivmodsi4)
c:/users/kareem ashraf/downloads/imt_sdk_win_64/imt_sdk_win_64/winavr/bin/../lib/gcc/avr/4.3.3/avr5\libgcc.a(_exit.o)
                              c:/users/kareem ashraf/downloads/imt_sdk_win_64/imt_sdk_win_64/winavr/bin/../lib/gcc/avr/4.3.3/../../../../avr/lib/avr5/crtm32.o (exit)
c:/users/kareem ashraf/downloads/imt_sdk_win_64/imt_sdk_win_64/winavr/bin/../lib/gcc/avr/4.3.3/avr5\libgcc.a(_copy_data.o)
                              ./EHAL/SEVEN-SEGMINT/Source/Seven_Seg_Prog.o (__do_copy_data)
c:/users/kareem ashraf/downloads/imt_sdk_win_64/imt_sdk_win_64/winavr/bin/../lib/gcc/avr/4.3.3/avr5\libgcc.a(_clear_bss.o)
                              ./MCAL/TIMER1/Source/Timer1_Prog.o (__do_clear_bss)
c:/users/kareem ashraf/downloads/imt_sdk_win_64/imt_sdk_win_64/winavr/bin/../lib/gcc/avr/4.3.3/avr5\libgcc.a(_fixunssfsi.o)
                              ./EHAL/SEVEN-SEGMINT/Source/Seven_Seg_Prog.o (__fixunssfsi)
c:/users/kareem ashraf/downloads/imt_sdk_win_64/imt_sdk_win_64/winavr/bin/../lib/gcc/avr/4.3.3/avr5\libgcc.a(_addsub_sf.o)
                              c:/users/kareem ashraf/downloads/imt_sdk_win_64/imt_sdk_win_64/winavr/bin/../lib/gcc/avr/4.3.3/avr5\libgcc.a(_fixunssfsi.o) (__subsf3)
c:/users/kareem ashraf/downloads/imt_sdk_win_64/imt_sdk_win_64/winavr/bin/../lib/gcc/avr/4.3.3/avr5\libgcc.a(_mul_sf.o)
                              ./EHAL/SEVEN-SEGMINT/Source/Seven_Seg_Prog.o (__mulsf3)
c:/users/kareem ashraf/downloads/imt_sdk_win_64/imt_sdk_win_64/winavr/bin/../lib/gcc/avr/4.3.3/avr5\libgcc.a(_gt_sf.o)
                              ./EHAL/SEVEN-SEGMINT/Source/Seven_Seg_Prog.o (__gtsf2)
c:/users/kareem ashraf/downloads/imt_sdk_win_64/imt_sdk_win_64/winavr/bin/../lib/gcc/avr/4.3.3/avr5\libgcc.a(_ge_sf.o)
                              c:/users/kareem ashraf/downloads/imt_sdk_win_64/imt_sdk_win_64/winavr/bin/../lib/gcc/avr/4.3.3/avr5\libgcc.a(_fixunssfsi.o) (__gesf2)
c:/users/kareem ashraf/downloads/imt_sdk_win_64/imt_sdk_win_64/winavr/bin/../lib/gcc/avr/4.3.3/avr5\libgcc.a(_lt_sf.o)
                              ./EHAL/SEVEN-SEGMINT/Source/Seven_Seg_Prog.o (__ltsf2)
c:/users/kareem ashraf/downloads/imt_sdk_win_64/imt_sdk_win_64/winavr/bin/../lib/gcc/avr/4.3.3/avr5\libgcc.a(_sf_to_si.o)
                              c:/users/kareem ashraf/downloads/imt_sdk_win_64/imt_sdk_win_64/winavr/bin/../lib/gcc/avr/4.3.3/avr5\libgcc.a(_fixunssfsi.o) (__fixsfsi)
c:/users/kareem ashraf/downloads/imt_sdk_win_64/imt_sdk_win_64/winavr/bin/../lib/gcc/avr/4.3.3/avr5\libgcc.a(_thenan_sf.o)
                              c:/users/kareem ashraf/downloads/imt_sdk_win_64/imt_sdk_win_64/winavr/bin/../lib/gcc/avr/4.3.3/avr5\libgcc.a(_addsub_sf.o) (__thenan_sf)
c:/users/kareem ashraf/downloads/imt_sdk_win_64/imt_sdk_win_64/winavr/bin/../lib/gcc/avr/4.3.3/avr5\libgcc.a(_prologue.o)
                              c:/users/kareem ashraf/downloads/imt_sdk_win_64/imt_sdk_win_64/winavr/bin/../lib/gcc/avr/4.3.3/avr5\libgcc.a(_addsub_sf.o) (__prologue_saves__)
c:/users/kareem ashraf/downloads/imt_sdk_win_64/imt_sdk_win_64/winavr/bin/../lib/gcc/avr/4.3.3/avr5\libgcc.a(_epilogue.o)
                              c:/users/kareem ashraf/downloads/imt_sdk_win_64/imt_sdk_win_64/winavr/bin/../lib/gcc/avr/4.3.3/avr5\libgcc.a(_addsub_sf.o) (__epilogue_restores__)
c:/users/kareem ashraf/downloads/imt_sdk_win_64/imt_sdk_win_64/winavr/bin/../lib/gcc/avr/4.3.3/avr5\libgcc.a(_pack_sf.o)
                              c:/users/kareem ashraf/downloads/imt_sdk_win_64/imt_sdk_win_64/winavr/bin/../lib/gcc/avr/4.3.3/avr5\libgcc.a(_addsub_sf.o) (__pack_f)
c:/users/kareem ashraf/downloads/imt_sdk_win_64/imt_sdk_win_64/winavr/bin/../lib/gcc/avr/4.3.3/avr5\libgcc.a(_unpack_sf.o)
                              c:/users/kareem ashraf/downloads/imt_sdk_win_64/imt_sdk_win_64/winavr/bin/../lib/gcc/avr/4.3.3/avr5\libgcc.a(_addsub_sf.o) (__unpack_f)
c:/users/kareem ashraf/downloads/imt_sdk_win_64/imt_sdk_win_64/winavr/bin/../lib/gcc/avr/4.3.3/avr5\libgcc.a(_fpcmp_parts_sf.o)
                              c:/users/kareem ashraf/downloads/imt_sdk_win_64/imt_sdk_win_64/winavr/bin/../lib/gcc/avr/4.3.3/avr5\libgcc.a(_gt_sf.o) (__fpcmp_parts_f)

Allocating common symbols
Common symbol       size              file

temp                0x1               ./APP/APP_Smart_Home/APP.o

Memory Configuration

Name             Origin             Length             Attributes
text             0x00000000         0x00020000         xr
data             0x00800060         0x0000ffa0         rw !x
eeprom           0x00810000         0x00010000         rw !x
fuse             0x00820000         0x00000400         rw !x
lock             0x00830000         0x00000400         rw !x
signature        0x00840000         0x00000400         rw !x
*default*        0x00000000         0xffffffff

Linker script and memory map

LOAD c:/users/kareem ashraf/downloads/imt_sdk_win_64/imt_sdk_win_64/winavr/bin/../lib/gcc/avr/4.3.3/../../../../avr/lib/avr5/crtm32.o
LOAD ./RUN_MAIN/main.o
LOAD ./MCAL/WATCH_DOG/WDT_program.o
LOAD ./MCAL/TIMER1/Source/Timer1_Prog.o
LOAD ./MCAL/I2C/src/TWI_prog.o
LOAD ./MCAL/GIE/Source/GIE_Prog.o
LOAD ./MCAL/EXT_INTERRUPTS/src/INTERRUPTS_prog.o
LOAD ./MCAL/EEPROM/Source/EEPROM_Prog.o
LOAD ./MCAL/DIO/Source/Dio_Prog.o
LOAD ./MCAL/ADC_G/adc.o
LOAD ./EHAL/TEMP_SENSOR/src/TEMP_SENSOR_prog.o
LOAD ./EHAL/SEVEN-SEGMINT/Source/Seven_Seg_Prog.o
LOAD ./EHAL/SERVO/servo.o
LOAD ./EHAL/LED/Source/Led_Prog.o
LOAD ./EHAL/LDR/LDR.o
LOAD ./EHAL/LCD/Source/Lcd_Prog.o
LOAD ./EHAL/KEYBAD/Source/Keybad_Prog.o
LOAD ./EHAL/EXT_EEPROM/src/EXT_EEPROM.o
LOAD ./EHAL/DC/DC.o
LOAD ./EHAL/BUZZER/BUZZER.o
LOAD ./APP/APP_Smart_Home/APP.o
LOAD c:/users/kareem ashraf/downloads/imt_sdk_win_64/imt_sdk_win_64/winavr/bin/../lib/gcc/avr/4.3.3/avr5\libgcc.a
LOAD c:/users/kareem ashraf/downloads/imt_sdk_win_64/imt_sdk_win_64/winavr/bin/../lib/gcc/avr/4.3.3/../../../../avr/lib/avr5\libc.a
LOAD c:/users/kareem ashraf/downloads/imt_sdk_win_64/imt_sdk_win_64/winavr/bin/../lib/gcc/avr/4.3.3/avr5\libgcc.a

.hash
 *(.hash)

.dynsym
 *(.dynsym)

.dynstr
 *(.dynstr)

.gnu.version
 *(.gnu.version)

.gnu.version_d
 *(.gnu.version_d)

.gnu.version_r
 *(.gnu.version_r)

.rel.init
 *(.rel.init)

.rela.init
 *(.rela.init)

.rel.text
 *(.rel.text)
 *(.rel.text.*)
 *(.rel.gnu.linkonce.t*)

.rela.text
 *(.rela.text)
 *(.rela.text.*)
 *(.rela.gnu.linkonce.t*)

.rel.fini
 *(.rel.fini)

.rela.fini
 *(.rela.fini)

.rel.rodata
 *(.rel.rodata)
 *(.rel.rodata.*)
 *(.rel.gnu.linkonce.r*)

.rela.rodata
 *(.rela.rodata)
 *(.rela.rodata.*)
 *(.rela.gnu.linkonce.r*)

.rel.data
 *(.rel.data)
 *(.rel.data.*)
 *(.rel.gnu.linkonce.d*)

.rela.data
 *(.rela.data)
 *(.rela.data.*)
 *(.rela.gnu.linkonce.d*)

.rel.ctors
 *(.rel.ctors)

.rela.ctors
 *(.rela.ctors)

.rel.dtors
 *(.rel.dtors)

.rela.dtors
 *(.rela.dtors)

.rel.got
 *(.rel.got)

.rela.got
 *(.rela.got)

.rel.bss
 *(.rel.bss)

.rela.bss
 *(.rela.bss)

.rel.plt
 *(.rel.plt)

.rela.plt
 *(.rela.plt)

.text           0x00000000     0x4684
 *(.vectors)
 .vectors       0x00000000       0x54 c:/users/kareem ashraf/downloads/imt_sdk_win_64/imt_sdk_win_64/winavr/bin/../lib/gcc/avr/4.3.3/../../../../avr/lib/avr5/crtm32.o
                0x00000000                __vectors
                0x00000000                __vector_default
 *(.vectors)
 *(.progmem.gcc*)
 *(.progmem*)
                0x00000054                . = ALIGN (0x2)
                0x00000054                __trampolines_start = .
 *(.trampolines)
 .trampolines   0x00000054        0x0 linker stubs
 *(.trampolines*)
                0x00000054                __trampolines_end = .
 *(.jumptables)
 *(.jumptables*)
 *(.lowtext)
 *(.lowtext*)
                0x00000054                __ctors_start = .
 *(.ctors)
                0x00000054                __ctors_end = .
                0x00000054                __dtors_start = .
 *(.dtors)
                0x00000054                __dtors_end = .
 SORT(*)(.ctors)
 SORT(*)(.dtors)
 *(.init0)
 .init0         0x00000054        0x0 c:/users/kareem ashraf/downloads/imt_sdk_win_64/imt_sdk_win_64/winavr/bin/../lib/gcc/avr/4.3.3/../../../../avr/lib/avr5/crtm32.o
                0x00000054                __init
 *(.init0)
 *(.init1)
 *(.init1)
 *(.init2)
 .init2         0x00000054        0xc c:/users/kareem ashraf/downloads/imt_sdk_win_64/imt_sdk_win_64/winavr/bin/../lib/gcc/avr/4.3.3/../../../../avr/lib/avr5/crtm32.o
 *(.init2)
 *(.init3)
 *(.init3)
 *(.init4)
 .init4         0x00000060       0x16 c:/users/kareem ashraf/downloads/imt_sdk_win_64/imt_sdk_win_64/winavr/bin/../lib/gcc/avr/4.3.3/avr5\libgcc.a(_copy_data.o)
                0x00000060                __do_copy_data
 .init4         0x00000076       0x10 c:/users/kareem ashraf/downloads/imt_sdk_win_64/imt_sdk_win_64/winavr/bin/../lib/gcc/avr/4.3.3/avr5\libgcc.a(_clear_bss.o)
                0x00000076                __do_clear_bss
 *(.init4)
 *(.init5)
 *(.init5)
 *(.init6)
 *(.init6)
 *(.init7)
 *(.init7)
 *(.init8)
 *(.init8)
 *(.init9)
 .init9         0x00000086        0x8 c:/users/kareem ashraf/downloads/imt_sdk_win_64/imt_sdk_win_64/winavr/bin/../lib/gcc/avr/4.3.3/../../../../avr/lib/avr5/crtm32.o
 *(.init9)
 *(.text)
 .text          0x0000008e        0x4 c:/users/kareem ashraf/downloads/imt_sdk_win_64/imt_sdk_win_64/winavr/bin/../lib/gcc/avr/4.3.3/../../../../avr/lib/avr5/crtm32.o
                0x0000008e                __vector_12
                0x0000008e                __bad_interrupt
                0x0000008e                __vector_3
                0x0000008e                __vector_11
                0x0000008e                __vector_13
                0x0000008e                __vector_17
                0x0000008e                __vector_19
                0x0000008e                __vector_7
                0x0000008e                __vector_5
                0x0000008e                __vector_4
                0x0000008e                __vector_9
                0x0000008e                __vector_2
                0x0000008e                __vector_15
                0x0000008e                __vector_8
                0x0000008e                __vector_14
                0x0000008e                __vector_10
                0x0000008e                __vector_16
                0x0000008e                __vector_18
                0x0000008e                __vector_20
 .text          0x00000092        0x0 ./RUN_MAIN/main.o
 .text          0x00000092        0x0 ./MCAL/WATCH_DOG/WDT_program.o
 .text          0x00000092        0x0 ./MCAL/TIMER1/Source/Timer1_Prog.o
 .text          0x00000092        0x0 ./MCAL/I2C/src/TWI_prog.o
 .text          0x00000092        0x0 ./MCAL/GIE/Source/GIE_Prog.o
 .text          0x00000092        0x0 ./MCAL/EXT_INTERRUPTS/src/INTERRUPTS_prog.o
 .text          0x00000092        0x0 ./MCAL/EEPROM/Source/EEPROM_Prog.o
 .text          0x00000092        0x0 ./MCAL/DIO/Source/Dio_Prog.o
 .text          0x00000092        0x0 ./MCAL/ADC_G/adc.o
 .text          0x00000092        0x0 ./EHAL/TEMP_SENSOR/src/TEMP_SENSOR_prog.o
 .text          0x00000092        0x0 ./EHAL/SEVEN-SEGMINT/Source/Seven_Seg_Prog.o
 .text          0x00000092        0x0 ./EHAL/SERVO/servo.o
 .text          0x00000092        0x0 ./EHAL/LED/Source/Led_Prog.o
 .text          0x00000092        0x0 ./EHAL/LDR/LDR.o
 .text          0x00000092        0x0 ./EHAL/LCD/Source/Lcd_Prog.o
 .text          0x00000092        0x0 ./EHAL/KEYBAD/Source/Keybad_Prog.o
 .text          0x00000092        0x0 ./EHAL/EXT_EEPROM/src/EXT_EEPROM.o
 .text          0x00000092        0x0 ./EHAL/DC/DC.o
 .text          0x00000092        0x0 ./EHAL/BUZZER/BUZZER.o
 .text          0x00000092        0x0 ./APP/APP_Smart_Home/APP.o
 .text          0x00000092        0x0 c:/users/kareem ashraf/downloads/imt_sdk_win_64/imt_sdk_win_64/winavr/bin/../lib/gcc/avr/4.3.3/avr5\libgcc.a(_udivmodqi4.o)
 .text          0x00000092        0x0 c:/users/kareem ashraf/downloads/imt_sdk_win_64/imt_sdk_win_64/winavr/bin/../lib/gcc/avr/4.3.3/avr5\libgcc.a(_udivmodsi4.o)
 .text          0x00000092        0x0 c:/users/kareem ashraf/downloads/imt_sdk_win_64/imt_sdk_win_64/winavr/bin/../lib/gcc/avr/4.3.3/avr5\libgcc.a(_exit.o)
 .text          0x00000092        0x0 c:/users/kareem ashraf/downloads/imt_sdk_win_64/imt_sdk_win_64/winavr/bin/../lib/gcc/avr/4.3.3/avr5\libgcc.a(_copy_data.o)
 .text          0x00000092        0x0 c:/users/kareem ashraf/downloads/imt_sdk_win_64/imt_sdk_win_64/winavr/bin/../lib/gcc/avr/4.3.3/avr5\libgcc.a(_clear_bss.o)
 .text          0x00000092       0x58 c:/users/kareem ashraf/downloads/imt_sdk_win_64/imt_sdk_win_64/winavr/bin/../lib/gcc/avr/4.3.3/avr5\libgcc.a(_fixunssfsi.o)
                0x00000092                __fixunssfsi
 .text          0x000000ea      0x354 c:/users/kareem ashraf/downloads/imt_sdk_win_64/imt_sdk_win_64/winavr/bin/../lib/gcc/avr/4.3.3/avr5\libgcc.a(_addsub_sf.o)
                0x00000382                __subsf3
                0x000003e4                __addsf3
 .text          0x0000043e      0x1f4 c:/users/kareem ashraf/downloads/imt_sdk_win_64/imt_sdk_win_64/winavr/bin/../lib/gcc/avr/4.3.3/avr5\libgcc.a(_mul_sf.o)
                0x0000043e                __mulsf3
 .text          0x00000632       0x60 c:/users/kareem ashraf/downloads/imt_sdk_win_64/imt_sdk_win_64/winavr/bin/../lib/gcc/avr/4.3.3/avr5\libgcc.a(_gt_sf.o)
                0x00000632                __gtsf2
 .text          0x00000692       0x60 c:/users/kareem ashraf/downloads/imt_sdk_win_64/imt_sdk_win_64/winavr/bin/../lib/gcc/avr/4.3.3/avr5\libgcc.a(_ge_sf.o)
                0x00000692                __gesf2
 .text          0x000006f2       0x60 c:/users/kareem ashraf/downloads/imt_sdk_win_64/imt_sdk_win_64/winavr/bin/../lib/gcc/avr/4.3.3/avr5\libgcc.a(_lt_sf.o)
                0x000006f2                __ltsf2
 .text          0x00000752       0xa8 c:/users/kareem ashraf/downloads/imt_sdk_win_64/imt_sdk_win_64/winavr/bin/../lib/gcc/avr/4.3.3/avr5\libgcc.a(_sf_to_si.o)
                0x00000752                __fixsfsi
 .text          0x000007fa        0x0 c:/users/kareem ashraf/downloads/imt_sdk_win_64/imt_sdk_win_64/winavr/bin/../lib/gcc/avr/4.3.3/avr5\libgcc.a(_thenan_sf.o)
 .text          0x000007fa        0x0 c:/users/kareem ashraf/downloads/imt_sdk_win_64/imt_sdk_win_64/winavr/bin/../lib/gcc/avr/4.3.3/avr5\libgcc.a(_prologue.o)
 .text          0x000007fa        0x0 c:/users/kareem ashraf/downloads/imt_sdk_win_64/imt_sdk_win_64/winavr/bin/../lib/gcc/avr/4.3.3/avr5\libgcc.a(_epilogue.o)
 .text          0x000007fa      0x1aa c:/users/kareem ashraf/downloads/imt_sdk_win_64/imt_sdk_win_64/winavr/bin/../lib/gcc/avr/4.3.3/avr5\libgcc.a(_pack_sf.o)
                0x000007fa                __pack_f
 .text          0x000009a4       0xf0 c:/users/kareem ashraf/downloads/imt_sdk_win_64/imt_sdk_win_64/winavr/bin/../lib/gcc/avr/4.3.3/avr5\libgcc.a(_unpack_sf.o)
                0x000009a4                __unpack_f
 .text          0x00000a94       0xb2 c:/users/kareem ashraf/downloads/imt_sdk_win_64/imt_sdk_win_64/winavr/bin/../lib/gcc/avr/4.3.3/avr5\libgcc.a(_fpcmp_parts_sf.o)
                0x00000a94                __fpcmp_parts_f
                0x00000b46                . = ALIGN (0x2)
 *(.text.*)
 .text.main     0x00000b46       0x16 ./RUN_MAIN/main.o
                0x00000b46                main
 .text.WDT_voidEnable
                0x00000b5c       0x16 ./MCAL/WATCH_DOG/WDT_program.o
                0x00000b5c                WDT_voidEnable
 .text.WDT_voidDisable
                0x00000b72       0x22 ./MCAL/WATCH_DOG/WDT_program.o
                0x00000b72                WDT_voidDisable
 .text.TIMER1_VoidInit
                0x00000b94       0x8e ./MCAL/TIMER1/Source/Timer1_Prog.o
                0x00000b94                TIMER1_VoidInit
 .text.TIMER1_VoidSetTCNT1
                0x00000c22       0x20 ./MCAL/TIMER1/Source/Timer1_Prog.o
                0x00000c22                TIMER1_VoidSetTCNT1
 .text.TIMER1_VoidClearTCNT1
                0x00000c42       0x14 ./MCAL/TIMER1/Source/Timer1_Prog.o
                0x00000c42                TIMER1_VoidClearTCNT1
 .text.Duty_Cycle1
                0x00000c56       0x2e ./MCAL/TIMER1/Source/Timer1_Prog.o
                0x00000c56                Duty_Cycle1
 .text.TIMER1_ICR1H
                0x00000c84       0x30 ./MCAL/TIMER1/Source/Timer1_Prog.o
                0x00000c84                TIMER1_ICR1H
 .text.__vector_6
                0x00000cb4       0x66 ./MCAL/TIMER1/Source/Timer1_Prog.o
                0x00000cb4                __vector_6
 .text.Set_Call_Back_IC
                0x00000d1a       0x24 ./MCAL/TIMER1/Source/Timer1_Prog.o
                0x00000d1a                Set_Call_Back_IC
 .text.Timer1_Fast_PWM_Init
                0x00000d3e       0x48 ./MCAL/TIMER1/Source/Timer1_Prog.o
                0x00000d3e                Timer1_Fast_PWM_Init
 .text.TWI_voidInitMaster
                0x00000d86       0x5e ./MCAL/I2C/src/TWI_prog.o
                0x00000d86                TWI_voidInitMaster
 .text.TWI_voidInitSlave
                0x00000de4       0x3a ./MCAL/I2C/src/TWI_prog.o
                0x00000de4                TWI_voidInitSlave
 .text.TWI_SendStartCondition
                0x00000e1e       0x54 ./MCAL/I2C/src/TWI_prog.o
                0x00000e1e                TWI_SendStartCondition
 .text.TWI_SendRepeatedStart
                0x00000e72       0x54 ./MCAL/I2C/src/TWI_prog.o
                0x00000e72                TWI_SendRepeatedStart
 .text.TWI_SendSlaveAddressWithWrite
                0x00000ec6       0x70 ./MCAL/I2C/src/TWI_prog.o
                0x00000ec6                TWI_SendSlaveAddressWithWrite
 .text.TWI_SendSlaveAddressWithRead
                0x00000f36       0x70 ./MCAL/I2C/src/TWI_prog.o
                0x00000f36                TWI_SendSlaveAddressWithRead
 .text.TWI_MasterWriteDataByte
                0x00000fa6       0x52 ./MCAL/I2C/src/TWI_prog.o
                0x00000fa6                TWI_MasterWriteDataByte
 .text.TWI_MasterReadDataByte
                0x00000ff8       0x5e ./MCAL/I2C/src/TWI_prog.o
                0x00000ff8                TWI_MasterReadDataByte
 .text.TWI_SlaveReadDataByte
                0x00001056       0x5e ./MCAL/I2C/src/TWI_prog.o
                0x00001056                TWI_SlaveReadDataByte
 .text.TWI_SendStopCondition
                0x000010b4       0x2a ./MCAL/I2C/src/TWI_prog.o
                0x000010b4                TWI_SendStopCondition
 .text.GIE_VoidEnable
                0x000010de       0x1c ./MCAL/GIE/Source/GIE_Prog.o
                0x000010de                GIE_VoidEnable
 .text.GIE_VoidDisable
                0x000010fa       0x1c ./MCAL/GIE/Source/GIE_Prog.o
                0x000010fa                GIE_VoidDisable
 .text.EXT_INT_Void_INT0_Init
                0x00001116       0x38 ./MCAL/EXT_INTERRUPTS/src/INTERRUPTS_prog.o
                0x00001116                EXT_INT_Void_INT0_Init
 .text.EXT_INT_Void_INT1_Init
                0x0000114e       0x38 ./MCAL/EXT_INTERRUPTS/src/INTERRUPTS_prog.o
                0x0000114e                EXT_INT_Void_INT1_Init
 .text.EXT_INT_Void_INT2_Init
                0x00001186       0x2a ./MCAL/EXT_INTERRUPTS/src/INTERRUPTS_prog.o
                0x00001186                EXT_INT_Void_INT2_Init
 .text.EEPROM_INIT
                0x000011b0       0x1c ./MCAL/EEPROM/Source/EEPROM_Prog.o
                0x000011b0                EEPROM_INIT
 .text.EEPROM_READ
                0x000011cc       0x56 ./MCAL/EEPROM/Source/EEPROM_Prog.o
                0x000011cc                EEPROM_READ
 .text.EEPROM_WRITE
                0x00001222       0x6c ./MCAL/EEPROM/Source/EEPROM_Prog.o
                0x00001222                EEPROM_WRITE
 .text.DIO_VoidSetPinDir
                0x0000128e      0x1e4 ./MCAL/DIO/Source/Dio_Prog.o
                0x0000128e                DIO_VoidSetPinDir
 .text.DIO_VoidSetPinValue
                0x00001472      0x1e4 ./MCAL/DIO/Source/Dio_Prog.o
                0x00001472                DIO_VoidSetPinValue
 .text.DIO_ReadPinValue
                0x00001656      0x104 ./MCAL/DIO/Source/Dio_Prog.o
                0x00001656                DIO_ReadPinValue
 .text.DIO_VoidSetAllPortDir
                0x0000175a       0xd2 ./MCAL/DIO/Source/Dio_Prog.o
                0x0000175a                DIO_VoidSetAllPortDir
 .text.DIO_VoidSetAllPortValue
                0x0000182c       0xd2 ./MCAL/DIO/Source/Dio_Prog.o
                0x0000182c                DIO_VoidSetAllPortValue
 .text.DIO_ReadPortValue
                0x000018fe       0x8e ./MCAL/DIO/Source/Dio_Prog.o
                0x000018fe                DIO_ReadPortValue
 .text.DIO_VoidControlPinPullUp
                0x0000198c      0x1e4 ./MCAL/DIO/Source/Dio_Prog.o
                0x0000198c                DIO_VoidControlPinPullUp
 .text.DIO_VoidSetSpecialPortDir
                0x00001b70       0x82 ./MCAL/DIO/Source/Dio_Prog.o
                0x00001b70                DIO_VoidSetSpecialPortDir
 .text.DIO_VoidSetSpecialPortValue
                0x00001bf2       0x82 ./MCAL/DIO/Source/Dio_Prog.o
                0x00001bf2                DIO_VoidSetSpecialPortValue
 .text.DIO_VoidSetToggelValue
                0x00001c74       0xfa ./MCAL/DIO/Source/Dio_Prog.o
                0x00001c74                DIO_VoidSetToggelValue
 .text.DIO_ReadSegmentOfAddress
                0x00001d6e       0x34 ./MCAL/DIO/Source/Dio_Prog.o
                0x00001d6e                DIO_ReadSegmentOfAddress
 .text.ADC_init
                0x00001da2       0x22 ./MCAL/ADC_G/adc.o
                0x00001da2                ADC_init
 .text.ADC_readChannel
                0x00001dc4       0x72 ./MCAL/ADC_G/adc.o
                0x00001dc4                ADC_readChannel
 .text.TempSensor_Range
                0x00001e36       0x6a ./EHAL/TEMP_SENSOR/src/TEMP_SENSOR_prog.o
                0x00001e36                TempSensor_Range
 .text.SevenSeg_VoidSetOffOrON
                0x00001ea0       0x4e ./EHAL/SEVEN-SEGMINT/Source/Seven_Seg_Prog.o
                0x00001ea0                SevenSeg_VoidSetOffOrON
 .text.SevenSeg_VoidDisplyNumber
                0x00001eee       0x2a ./EHAL/SEVEN-SEGMINT/Source/Seven_Seg_Prog.o
                0x00001eee                SevenSeg_VoidDisplyNumber
 .text.Seven_Segment_Pin_0
                0x00001f18       0x36 ./EHAL/SEVEN-SEGMINT/Source/Seven_Seg_Prog.o
                0x00001f18                Seven_Segment_Pin_0
 .text.Seven_Segment_Pin_1
                0x00001f4e       0x36 ./EHAL/SEVEN-SEGMINT/Source/Seven_Seg_Prog.o
                0x00001f4e                Seven_Segment_Pin_1
 .text.Seven_Segment_Pin_00
                0x00001f84       0x36 ./EHAL/SEVEN-SEGMINT/Source/Seven_Seg_Prog.o
                0x00001f84                Seven_Segment_Pin_00
 .text.Seven_Segment_Pin_11
                0x00001fba       0x36 ./EHAL/SEVEN-SEGMINT/Source/Seven_Seg_Prog.o
                0x00001fba                Seven_Segment_Pin_11
 .text.SevenSeg_VoidDisplyNumberByBCD
                0x00001ff0       0x30 ./EHAL/SEVEN-SEGMINT/Source/Seven_Seg_Prog.o
                0x00001ff0                SevenSeg_VoidDisplyNumberByBCD
 .text.print_seven_seg_2_digit
                0x00002020      0x25e ./EHAL/SEVEN-SEGMINT/Source/Seven_Seg_Prog.o
                0x00002020                print_seven_seg_2_digit
 .text.SpetialSeven7
                0x0000227e      0x208 ./EHAL/SEVEN-SEGMINT/Source/Seven_Seg_Prog.o
                0x0000227e                SpetialSeven7
 .text.Servo_Init
                0x00002486       0x1c ./EHAL/SERVO/servo.o
                0x00002486                Servo_Init
 .text.Sevro_Degre
                0x000024a2       0x42 ./EHAL/SERVO/servo.o
                0x000024a2                Sevro_Degre
 .text.LED_VoidInit
                0x000024e4       0x22 ./EHAL/LED/Source/Led_Prog.o
                0x000024e4                LED_VoidInit
 .text.LED_VoidOnLed
                0x00002506       0x1e ./EHAL/LED/Source/Led_Prog.o
                0x00002506                LED_VoidOnLed
 .text.LED_VoidOffLed
                0x00002524       0x1e ./EHAL/LED/Source/Led_Prog.o
                0x00002524                LED_VoidOffLed
 .text.LED_VoidToggelLed
                0x00002542       0x1c ./EHAL/LED/Source/Led_Prog.o
                0x00002542                LED_VoidToggelLed
 .text.LED_VoidFlashLed
                0x0000255e      0x204 ./EHAL/LED/Source/Led_Prog.o
                0x0000255e                LED_VoidFlashLed
 .text.LDR_Range
                0x00002762       0x5e ./EHAL/LDR/LDR.o
                0x00002762                LDR_Range
 .text.LCD_Init
                0x000027c0      0x13e ./EHAL/LCD/Source/Lcd_Prog.o
                0x000027c0                LCD_Init
 .text.LCD_LOCATION_ROW_COLuM
                0x000028fe       0x50 ./EHAL/LCD/Source/Lcd_Prog.o
                0x000028fe                LCD_LOCATION_ROW_COLuM
 .text.LCD_Commands
                0x0000294e      0x386 ./EHAL/LCD/Source/Lcd_Prog.o
                0x0000294e                LCD_Commands
 .text.LCD_Write_Caracter
                0x00002cd4      0x386 ./EHAL/LCD/Source/Lcd_Prog.o
                0x00002cd4                LCD_Write_Caracter
 .text.LCD_Write_String
                0x0000305a       0x52 ./EHAL/LCD/Source/Lcd_Prog.o
                0x0000305a                LCD_Write_String
 .text.Lcd_Clear
                0x000030ac       0x14 ./EHAL/LCD/Source/Lcd_Prog.o
                0x000030ac                Lcd_Clear
 .text.SET_CGRAM
                0x000030c0      0x234 ./EHAL/LCD/Source/Lcd_Prog.o
                0x000030c0                SET_CGRAM
 .text.LCD_Write_Number
                0x000032f4      0x102 ./EHAL/LCD/Source/Lcd_Prog.o
                0x000032f4                LCD_Write_Number
 .text.CLCD_voidWriteNumber
                0x000033f6       0xe8 ./EHAL/LCD/Source/Lcd_Prog.o
                0x000033f6                CLCD_voidWriteNumber
 .text.KPD_u8adjust4x4KPD
                0x000034de      0x14c ./EHAL/KEYBAD/Source/Keybad_Prog.o
 .text.KEYBAD_ReturnData
                0x0000362a      0x196 ./EHAL/KEYBAD/Source/Keybad_Prog.o
                0x0000362a                KEYBAD_ReturnData
 .text.EEPROM_writeByte
                0x000037c0      0x136 ./EHAL/EXT_EEPROM/src/EXT_EEPROM.o
                0x000037c0                EEPROM_writeByte
 .text.EEPROM_readByte
                0x000038f6       0x5a ./EHAL/EXT_EEPROM/src/EXT_EEPROM.o
                0x000038f6                EEPROM_readByte
 .text.DC_Init  0x00003950       0x1c ./EHAL/DC/DC.o
                0x00003950                DC_Init
 .text.DC_ON_OFF
                0x0000396c       0x36 ./EHAL/DC/DC.o
                0x0000396c                DC_ON_OFF
 .text.BUZZER_Init
                0x000039a2       0x18 ./EHAL/BUZZER/BUZZER.o
                0x000039a2                BUZZER_Init
 .text.BUZZER_ON_OFF
                0x000039ba       0x36 ./EHAL/BUZZER/BUZZER.o
                0x000039ba                BUZZER_ON_OFF
 .text.project  0x000039f0       0xa2 ./APP/APP_Smart_Home/APP.o
                0x000039f0                project
 .text.__vector_1
                0x00003a92       0x58 ./APP/APP_Smart_Home/APP.o
                0x00003a92                __vector_1
 .text.keybad_System
                0x00003aea      0x24c ./APP/APP_Smart_Home/APP.o
                0x00003aea                keybad_System
 .text.FunctionCountM
                0x00003d36      0x164 ./APP/APP_Smart_Home/APP.o
                0x00003d36                FunctionCountM
 .text.LDR_System
                0x00003e9a       0x5c ./APP/APP_Smart_Home/APP.o
                0x00003e9a                LDR_System
 .text.TEMP_Sytem
                0x00003ef6       0x54 ./APP/APP_Smart_Home/APP.o
                0x00003ef6                TEMP_Sytem
 .text.Right_PASS
                0x00003f4a      0x224 ./APP/APP_Smart_Home/APP.o
                0x00003f4a                Right_PASS
 .text.Wrong_PASS
                0x0000416e      0x14c ./APP/APP_Smart_Home/APP.o
                0x0000416e                Wrong_PASS
 .text.Function_EntryNumber
                0x000042ba      0x17e ./APP/APP_Smart_Home/APP.o
                0x000042ba                Function_EntryNumber
 .text.Function_EntryNumber2
                0x00004438      0x17e ./APP/APP_Smart_Home/APP.o
                0x00004438                Function_EntryNumber2
 .text.libgcc   0x000045b6       0x18 c:/users/kareem ashraf/downloads/imt_sdk_win_64/imt_sdk_win_64/winavr/bin/../lib/gcc/avr/4.3.3/avr5\libgcc.a(_udivmodqi4.o)
                0x000045b6                __udivmodqi4
 .text.libgcc   0x000045ce       0x44 c:/users/kareem ashraf/downloads/imt_sdk_win_64/imt_sdk_win_64/winavr/bin/../lib/gcc/avr/4.3.3/avr5\libgcc.a(_udivmodsi4.o)
                0x000045ce                __udivmodsi4
 .text.libgcc   0x00004612        0x0 c:/users/kareem ashraf/downloads/imt_sdk_win_64/imt_sdk_win_64/winavr/bin/../lib/gcc/avr/4.3.3/avr5\libgcc.a(_exit.o)
 .text.libgcc   0x00004612        0x0 c:/users/kareem ashraf/downloads/imt_sdk_win_64/imt_sdk_win_64/winavr/bin/../lib/gcc/avr/4.3.3/avr5\libgcc.a(_copy_data.o)
 .text.libgcc   0x00004612        0x0 c:/users/kareem ashraf/downloads/imt_sdk_win_64/imt_sdk_win_64/winavr/bin/../lib/gcc/avr/4.3.3/avr5\libgcc.a(_clear_bss.o)
 .text.libgcc   0x00004612       0x38 c:/users/kareem ashraf/downloads/imt_sdk_win_64/imt_sdk_win_64/winavr/bin/../lib/gcc/avr/4.3.3/avr5\libgcc.a(_prologue.o)
                0x00004612                __prologue_saves__
 .text.libgcc   0x0000464a       0x36 c:/users/kareem ashraf/downloads/imt_sdk_win_64/imt_sdk_win_64/winavr/bin/../lib/gcc/avr/4.3.3/avr5\libgcc.a(_epilogue.o)
                0x0000464a                __epilogue_restores__
                0x00004680                . = ALIGN (0x2)
 *(.fini9)
 .fini9         0x00004680        0x0 c:/users/kareem ashraf/downloads/imt_sdk_win_64/imt_sdk_win_64/winavr/bin/../lib/gcc/avr/4.3.3/avr5\libgcc.a(_exit.o)
                0x00004680                exit
                0x00004680                _exit
 *(.fini9)
 *(.fini8)
 *(.fini8)
 *(.fini7)
 *(.fini7)
 *(.fini6)
 *(.fini6)
 *(.fini5)
 *(.fini5)
 *(.fini4)
 *(.fini4)
 *(.fini3)
 *(.fini3)
 *(.fini2)
 *(.fini2)
 *(.fini1)
 *(.fini1)
 *(.fini0)
 .fini0         0x00004680        0x4 c:/users/kareem ashraf/downloads/imt_sdk_win_64/imt_sdk_win_64/winavr/bin/../lib/gcc/avr/4.3.3/avr5\libgcc.a(_exit.o)
 *(.fini0)
                0x00004684                _etext = .

.data           0x00800060       0xb6 load address 0x00004684
                0x00800060                PROVIDE (__data_start, .)
 *(.data)
 .data          0x00800060        0x0 c:/users/kareem ashraf/downloads/imt_sdk_win_64/imt_sdk_win_64/winavr/bin/../lib/gcc/avr/4.3.3/../../../../avr/lib/avr5/crtm32.o
 .data          0x00800060        0x0 ./RUN_MAIN/main.o
 .data          0x00800060        0x0 ./MCAL/WATCH_DOG/WDT_program.o
 .data          0x00800060        0x0 ./MCAL/TIMER1/Source/Timer1_Prog.o
 .data          0x00800060        0x0 ./MCAL/I2C/src/TWI_prog.o
 .data          0x00800060        0x0 ./MCAL/GIE/Source/GIE_Prog.o
 .data          0x00800060        0x0 ./MCAL/EXT_INTERRUPTS/src/INTERRUPTS_prog.o
 .data          0x00800060        0x0 ./MCAL/EEPROM/Source/EEPROM_Prog.o
 .data          0x00800060        0x0 ./MCAL/DIO/Source/Dio_Prog.o
 .data          0x00800060        0x0 ./MCAL/ADC_G/adc.o
 .data          0x00800060        0x0 ./EHAL/TEMP_SENSOR/src/TEMP_SENSOR_prog.o
 .data          0x00800060        0x0 ./EHAL/SEVEN-SEGMINT/Source/Seven_Seg_Prog.o
 .data          0x00800060        0x0 ./EHAL/SERVO/servo.o
 .data          0x00800060        0x0 ./EHAL/LED/Source/Led_Prog.o
 .data          0x00800060        0x0 ./EHAL/LDR/LDR.o
 .data          0x00800060        0x0 ./EHAL/LCD/Source/Lcd_Prog.o
 .data          0x00800060        0x0 ./EHAL/KEYBAD/Source/Keybad_Prog.o
 .data          0x00800060        0x0 ./EHAL/EXT_EEPROM/src/EXT_EEPROM.o
 .data          0x00800060        0x0 ./EHAL/DC/DC.o
 .data          0x00800060        0x0 ./EHAL/BUZZER/BUZZER.o
 .data          0x00800060       0xa3 ./APP/APP_Smart_Home/APP.o
 .data          0x00800103        0x0 c:/users/kareem ashraf/downloads/imt_sdk_win_64/imt_sdk_win_64/winavr/bin/../lib/gcc/avr/4.3.3/avr5\libgcc.a(_udivmodqi4.o)
 .data          0x00800103        0x0 c:/users/kareem ashraf/downloads/imt_sdk_win_64/imt_sdk_win_64/winavr/bin/../lib/gcc/avr/4.3.3/avr5\libgcc.a(_udivmodsi4.o)
 .data          0x00800103        0x0 c:/users/kareem ashraf/downloads/imt_sdk_win_64/imt_sdk_win_64/winavr/bin/../lib/gcc/avr/4.3.3/avr5\libgcc.a(_exit.o)
 .data          0x00800103        0x0 c:/users/kareem ashraf/downloads/imt_sdk_win_64/imt_sdk_win_64/winavr/bin/../lib/gcc/avr/4.3.3/avr5\libgcc.a(_copy_data.o)
 .data          0x00800103        0x0 c:/users/kareem ashraf/downloads/imt_sdk_win_64/imt_sdk_win_64/winavr/bin/../lib/gcc/avr/4.3.3/avr5\libgcc.a(_clear_bss.o)
 .data          0x00800103        0x0 c:/users/kareem ashraf/downloads/imt_sdk_win_64/imt_sdk_win_64/winavr/bin/../lib/gcc/avr/4.3.3/avr5\libgcc.a(_fixunssfsi.o)
 .data          0x00800103        0x0 c:/users/kareem ashraf/downloads/imt_sdk_win_64/imt_sdk_win_64/winavr/bin/../lib/gcc/avr/4.3.3/avr5\libgcc.a(_addsub_sf.o)
 .data          0x00800103        0x0 c:/users/kareem ashraf/downloads/imt_sdk_win_64/imt_sdk_win_64/winavr/bin/../lib/gcc/avr/4.3.3/avr5\libgcc.a(_mul_sf.o)
 .data          0x00800103        0x0 c:/users/kareem ashraf/downloads/imt_sdk_win_64/imt_sdk_win_64/winavr/bin/../lib/gcc/avr/4.3.3/avr5\libgcc.a(_gt_sf.o)
 .data          0x00800103        0x0 c:/users/kareem ashraf/downloads/imt_sdk_win_64/imt_sdk_win_64/winavr/bin/../lib/gcc/avr/4.3.3/avr5\libgcc.a(_ge_sf.o)
 .data          0x00800103        0x0 c:/users/kareem ashraf/downloads/imt_sdk_win_64/imt_sdk_win_64/winavr/bin/../lib/gcc/avr/4.3.3/avr5\libgcc.a(_lt_sf.o)
 .data          0x00800103        0x0 c:/users/kareem ashraf/downloads/imt_sdk_win_64/imt_sdk_win_64/winavr/bin/../lib/gcc/avr/4.3.3/avr5\libgcc.a(_sf_to_si.o)
 .data          0x00800103        0x8 c:/users/kareem ashraf/downloads/imt_sdk_win_64/imt_sdk_win_64/winavr/bin/../lib/gcc/avr/4.3.3/avr5\libgcc.a(_thenan_sf.o)
                0x00800103                __thenan_sf
 .data          0x0080010b        0x0 c:/users/kareem ashraf/downloads/imt_sdk_win_64/imt_sdk_win_64/winavr/bin/../lib/gcc/avr/4.3.3/avr5\libgcc.a(_prologue.o)
 .data          0x0080010b        0x0 c:/users/kareem ashraf/downloads/imt_sdk_win_64/imt_sdk_win_64/winavr/bin/../lib/gcc/avr/4.3.3/avr5\libgcc.a(_epilogue.o)
 .data          0x0080010b        0x0 c:/users/kareem ashraf/downloads/imt_sdk_win_64/imt_sdk_win_64/winavr/bin/../lib/gcc/avr/4.3.3/avr5\libgcc.a(_pack_sf.o)
 .data          0x0080010b        0x0 c:/users/kareem ashraf/downloads/imt_sdk_win_64/imt_sdk_win_64/winavr/bin/../lib/gcc/avr/4.3.3/avr5\libgcc.a(_unpack_sf.o)
 .data          0x0080010b        0x0 c:/users/kareem ashraf/downloads/imt_sdk_win_64/imt_sdk_win_64/winavr/bin/../lib/gcc/avr/4.3.3/avr5\libgcc.a(_fpcmp_parts_sf.o)
 *(.data*)
 *(.rodata)
 *(.rodata*)
 .rodata.array  0x0080010b        0xa ./EHAL/SEVEN-SEGMINT/Source/Seven_Seg_Prog.o
                0x0080010b                array
 *(.gnu.linkonce.d*)
                0x00800116                . = ALIGN (0x2)
 *fill*         0x00800115        0x1 00
                0x00800116                _edata = .
                0x00800116                PROVIDE (__data_end, .)

.bss            0x00800116        0x8
                0x00800116                PROVIDE (__bss_start, .)
 *(.bss)
 .bss           0x00800116        0x0 c:/users/kareem ashraf/downloads/imt_sdk_win_64/imt_sdk_win_64/winavr/bin/../lib/gcc/avr/4.3.3/../../../../avr/lib/avr5/crtm32.o
 .bss           0x00800116        0x0 ./RUN_MAIN/main.o
 .bss           0x00800116        0x0 ./MCAL/WATCH_DOG/WDT_program.o
 .bss           0x00800116        0x0 ./MCAL/TIMER1/Source/Timer1_Prog.o
 .bss           0x00800116        0x0 ./MCAL/I2C/src/TWI_prog.o
 .bss           0x00800116        0x0 ./MCAL/GIE/Source/GIE_Prog.o
 .bss           0x00800116        0x0 ./MCAL/EXT_INTERRUPTS/src/INTERRUPTS_prog.o
 .bss           0x00800116        0x0 ./MCAL/EEPROM/Source/EEPROM_Prog.o
 .bss           0x00800116        0x0 ./MCAL/DIO/Source/Dio_Prog.o
 .bss           0x00800116        0x0 ./MCAL/ADC_G/adc.o
 .bss           0x00800116        0x0 ./EHAL/TEMP_SENSOR/src/TEMP_SENSOR_prog.o
 .bss           0x00800116        0x0 ./EHAL/SEVEN-SEGMINT/Source/Seven_Seg_Prog.o
 .bss           0x00800116        0x0 ./EHAL/SERVO/servo.o
 .bss           0x00800116        0x0 ./EHAL/LED/Source/Led_Prog.o
 .bss           0x00800116        0x0 ./EHAL/LDR/LDR.o
 .bss           0x00800116        0x0 ./EHAL/LCD/Source/Lcd_Prog.o
 .bss           0x00800116        0x0 ./EHAL/KEYBAD/Source/Keybad_Prog.o
 .bss           0x00800116        0x0 ./EHAL/EXT_EEPROM/src/EXT_EEPROM.o
 .bss           0x00800116        0x0 ./EHAL/DC/DC.o
 .bss           0x00800116        0x0 ./EHAL/BUZZER/BUZZER.o
 .bss           0x00800116        0x0 ./APP/APP_Smart_Home/APP.o
 .bss           0x00800116        0x0 c:/users/kareem ashraf/downloads/imt_sdk_win_64/imt_sdk_win_64/winavr/bin/../lib/gcc/avr/4.3.3/avr5\libgcc.a(_udivmodqi4.o)
 .bss           0x00800116        0x0 c:/users/kareem ashraf/downloads/imt_sdk_win_64/imt_sdk_win_64/winavr/bin/../lib/gcc/avr/4.3.3/avr5\libgcc.a(_udivmodsi4.o)
 .bss           0x00800116        0x0 c:/users/kareem ashraf/downloads/imt_sdk_win_64/imt_sdk_win_64/winavr/bin/../lib/gcc/avr/4.3.3/avr5\libgcc.a(_exit.o)
 .bss           0x00800116        0x0 c:/users/kareem ashraf/downloads/imt_sdk_win_64/imt_sdk_win_64/winavr/bin/../lib/gcc/avr/4.3.3/avr5\libgcc.a(_copy_data.o)
 .bss           0x00800116        0x0 c:/users/kareem ashraf/downloads/imt_sdk_win_64/imt_sdk_win_64/winavr/bin/../lib/gcc/avr/4.3.3/avr5\libgcc.a(_clear_bss.o)
 .bss           0x00800116        0x0 c:/users/kareem ashraf/downloads/imt_sdk_win_64/imt_sdk_win_64/winavr/bin/../lib/gcc/avr/4.3.3/avr5\libgcc.a(_fixunssfsi.o)
 .bss           0x00800116        0x0 c:/users/kareem ashraf/downloads/imt_sdk_win_64/imt_sdk_win_64/winavr/bin/../lib/gcc/avr/4.3.3/avr5\libgcc.a(_addsub_sf.o)
 .bss           0x00800116        0x0 c:/users/kareem ashraf/downloads/imt_sdk_win_64/imt_sdk_win_64/winavr/bin/../lib/gcc/avr/4.3.3/avr5\libgcc.a(_mul_sf.o)
 .bss           0x00800116        0x0 c:/users/kareem ashraf/downloads/imt_sdk_win_64/imt_sdk_win_64/winavr/bin/../lib/gcc/avr/4.3.3/avr5\libgcc.a(_gt_sf.o)
 .bss           0x00800116        0x0 c:/users/kareem ashraf/downloads/imt_sdk_win_64/imt_sdk_win_64/winavr/bin/../lib/gcc/avr/4.3.3/avr5\libgcc.a(_ge_sf.o)
 .bss           0x00800116        0x0 c:/users/kareem ashraf/downloads/imt_sdk_win_64/imt_sdk_win_64/winavr/bin/../lib/gcc/avr/4.3.3/avr5\libgcc.a(_lt_sf.o)
 .bss           0x00800116        0x0 c:/users/kareem ashraf/downloads/imt_sdk_win_64/imt_sdk_win_64/winavr/bin/../lib/gcc/avr/4.3.3/avr5\libgcc.a(_sf_to_si.o)
 .bss           0x00800116        0x0 c:/users/kareem ashraf/downloads/imt_sdk_win_64/imt_sdk_win_64/winavr/bin/../lib/gcc/avr/4.3.3/avr5\libgcc.a(_thenan_sf.o)
 .bss           0x00800116        0x0 c:/users/kareem ashraf/downloads/imt_sdk_win_64/imt_sdk_win_64/winavr/bin/../lib/gcc/avr/4.3.3/avr5\libgcc.a(_prologue.o)
 .bss           0x00800116        0x0 c:/users/kareem ashraf/downloads/imt_sdk_win_64/imt_sdk_win_64/winavr/bin/../lib/gcc/avr/4.3.3/avr5\libgcc.a(_epilogue.o)
 .bss           0x00800116        0x0 c:/users/kareem ashraf/downloads/imt_sdk_win_64/imt_sdk_win_64/winavr/bin/../lib/gcc/avr/4.3.3/avr5\libgcc.a(_pack_sf.o)
 .bss           0x00800116        0x0 c:/users/kareem ashraf/downloads/imt_sdk_win_64/imt_sdk_win_64/winavr/bin/../lib/gcc/avr/4.3.3/avr5\libgcc.a(_unpack_sf.o)
 .bss           0x00800116        0x0 c:/users/kareem ashraf/downloads/imt_sdk_win_64/imt_sdk_win_64/winavr/bin/../lib/gcc/avr/4.3.3/avr5\libgcc.a(_fpcmp_parts_sf.o)
 *(.bss*)
 .bss.pointer_IC
                0x00800116        0x2 ./MCAL/TIMER1/Source/Timer1_Prog.o
 .bss.TOKEYBAD  0x00800118        0x1 ./APP/APP_Smart_Home/APP.o
                0x00800118                TOKEYBAD
 .bss.Counter   0x00800119        0x1 ./APP/APP_Smart_Home/APP.o
 .bss.Address_EEBROM
                0x0080011a        0x1 ./APP/APP_Smart_Home/APP.o
                0x0080011a                Address_EEBROM
 .bss.flag      0x0080011b        0x1 ./APP/APP_Smart_Home/APP.o
                0x0080011b                flag
 .bss.DATA.1431
                0x0080011c        0x1 ./APP/APP_Smart_Home/APP.o
 *(COMMON)
 COMMON         0x0080011d        0x1 ./APP/APP_Smart_Home/APP.o
                0x0080011d                temp
                0x0080011e                PROVIDE (__bss_end, .)
                0x00004684                __data_load_start = LOADADDR (.data)
                0x0000473a                __data_load_end = (__data_load_start + SIZEOF (.data))

.noinit         0x0080011e        0x0
                0x0080011e                PROVIDE (__noinit_start, .)
 *(.noinit*)
                0x0080011e                PROVIDE (__noinit_end, .)
                0x0080011e                _end = .
                0x0080011e                PROVIDE (__heap_start, .)

.eeprom         0x00810000        0x0
 *(.eeprom*)
                0x00810000                __eeprom_end = .

.fuse
 *(.fuse)
 *(.lfuse)
 *(.hfuse)
 *(.efuse)

.lock
 *(.lock*)

.signature
 *(.signature*)

.stab           0x00000000     0x5e8c
 *(.stab)
 .stab          0x00000000      0x36c ./RUN_MAIN/main.o
 .stab          0x0000036c      0x1b0 ./MCAL/WATCH_DOG/WDT_program.o
                                0x1bc (size before relaxing)
 .stab          0x0000051c      0x444 ./MCAL/TIMER1/Source/Timer1_Prog.o
                                0x5dc (size before relaxing)
 .stab          0x00000960      0x72c ./MCAL/I2C/src/TWI_prog.o
                                0x738 (size before relaxing)
 .stab          0x0000108c      0x1e0 ./MCAL/GIE/Source/GIE_Prog.o
                                0x378 (size before relaxing)
 .stab          0x0000126c      0x294 ./MCAL/EXT_INTERRUPTS/src/INTERRUPTS_prog.o
                                0x42c (size before relaxing)
 .stab          0x00001500      0x2a0 ./MCAL/EEPROM/Source/EEPROM_Prog.o
                                0x438 (size before relaxing)
 .stab          0x000017a0      0x960 ./MCAL/DIO/Source/Dio_Prog.o
                                0xaf8 (size before relaxing)
 .stab          0x00002100      0x264 ./MCAL/ADC_G/adc.o
                                0x414 (size before relaxing)
 .stab          0x00002364      0x240 ./EHAL/TEMP_SENSOR/src/TEMP_SENSOR_prog.o
                                0x3d8 (size before relaxing)
 .stab          0x000025a4      0x900 ./EHAL/SEVEN-SEGMINT/Source/Seven_Seg_Prog.o
                                0xa98 (size before relaxing)
 .stab          0x00002ea4      0x240 ./EHAL/SERVO/servo.o
                                0x3fc (size before relaxing)
 .stab          0x000030e4      0x420 ./EHAL/LED/Source/Led_Prog.o
                                0x5b8 (size before relaxing)
 .stab          0x00003504      0x21c ./EHAL/LDR/LDR.o
                                0x3b4 (size before relaxing)
 .stab          0x00003720      0xc30 ./EHAL/LCD/Source/Lcd_Prog.o
                                0xdc8 (size before relaxing)
 .stab          0x00004350      0x408 ./EHAL/KEYBAD/Source/Keybad_Prog.o
                                0x5a0 (size before relaxing)
 .stab          0x00004758      0x3cc ./EHAL/EXT_EEPROM/src/EXT_EEPROM.o
                                0x564 (size before relaxing)
 .stab          0x00004b24      0x210 ./EHAL/DC/DC.o
                                0x3a8 (size before relaxing)
 .stab          0x00004d34      0x210 ./EHAL/BUZZER/BUZZER.o
                                0x3a8 (size before relaxing)
 .stab          0x00004f44      0xf48 ./APP/APP_Smart_Home/APP.o
                               0x10e0 (size before relaxing)

.stabstr        0x00000000     0x29ff
 *(.stabstr)
 .stabstr       0x00000000     0x29ff ./RUN_MAIN/main.o

.stab.excl
 *(.stab.excl)

.stab.exclstr
 *(.stab.exclstr)

.stab.index
 *(.stab.index)

.stab.indexstr
 *(.stab.indexstr)

.comment
 *(.comment)

.debug
 *(.debug)

.line
 *(.line)

.debug_srcinfo
 *(.debug_srcinfo)

.debug_sfnames
 *(.debug_sfnames)

.debug_aranges  0x00000000      0x140
 *(.debug_aranges)
 .debug_aranges
                0x00000000       0x20 c:/users/kareem ashraf/downloads/imt_sdk_win_64/imt_sdk_win_64/winavr/bin/../lib/gcc/avr/4.3.3/avr5\libgcc.a(_fixunssfsi.o)
 .debug_aranges
                0x00000020       0x20 c:/users/kareem ashraf/downloads/imt_sdk_win_64/imt_sdk_win_64/winavr/bin/../lib/gcc/avr/4.3.3/avr5\libgcc.a(_addsub_sf.o)
 .debug_aranges
                0x00000040       0x20 c:/users/kareem ashraf/downloads/imt_sdk_win_64/imt_sdk_win_64/winavr/bin/../lib/gcc/avr/4.3.3/avr5\libgcc.a(_mul_sf.o)
 .debug_aranges
                0x00000060       0x20 c:/users/kareem ashraf/downloads/imt_sdk_win_64/imt_sdk_win_64/winavr/bin/../lib/gcc/avr/4.3.3/avr5\libgcc.a(_gt_sf.o)
 .debug_aranges
                0x00000080       0x20 c:/users/kareem ashraf/downloads/imt_sdk_win_64/imt_sdk_win_64/winavr/bin/../lib/gcc/avr/4.3.3/avr5\libgcc.a(_ge_sf.o)
 .debug_aranges
                0x000000a0       0x20 c:/users/kareem ashraf/downloads/imt_sdk_win_64/imt_sdk_win_64/winavr/bin/../lib/gcc/avr/4.3.3/avr5\libgcc.a(_lt_sf.o)
 .debug_aranges
                0x000000c0       0x20 c:/users/kareem ashraf/downloads/imt_sdk_win_64/imt_sdk_win_64/winavr/bin/../lib/gcc/avr/4.3.3/avr5\libgcc.a(_sf_to_si.o)
 .debug_aranges
                0x000000e0       0x20 c:/users/kareem ashraf/downloads/imt_sdk_win_64/imt_sdk_win_64/winavr/bin/../lib/gcc/avr/4.3.3/avr5\libgcc.a(_pack_sf.o)
 .debug_aranges
                0x00000100       0x20 c:/users/kareem ashraf/downloads/imt_sdk_win_64/imt_sdk_win_64/winavr/bin/../lib/gcc/avr/4.3.3/avr5\libgcc.a(_unpack_sf.o)
 .debug_aranges
                0x00000120       0x20 c:/users/kareem ashraf/downloads/imt_sdk_win_64/imt_sdk_win_64/winavr/bin/../lib/gcc/avr/4.3.3/avr5\libgcc.a(_fpcmp_parts_sf.o)

.debug_pubnames
                0x00000000      0x170
 *(.debug_pubnames)
 .debug_pubnames
                0x00000000       0x23 c:/users/kareem ashraf/downloads/imt_sdk_win_64/imt_sdk_win_64/winavr/bin/../lib/gcc/avr/4.3.3/avr5\libgcc.a(_fixunssfsi.o)
 .debug_pubnames
                0x00000023       0x2c c:/users/kareem ashraf/downloads/imt_sdk_win_64/imt_sdk_win_64/winavr/bin/../lib/gcc/avr/4.3.3/avr5\libgcc.a(_addsub_sf.o)
 .debug_pubnames
                0x0000004f       0x1f c:/users/kareem ashraf/downloads/imt_sdk_win_64/imt_sdk_win_64/winavr/bin/../lib/gcc/avr/4.3.3/avr5\libgcc.a(_mul_sf.o)
 .debug_pubnames
                0x0000006e       0x1e c:/users/kareem ashraf/downloads/imt_sdk_win_64/imt_sdk_win_64/winavr/bin/../lib/gcc/avr/4.3.3/avr5\libgcc.a(_gt_sf.o)
 .debug_pubnames
                0x0000008c       0x1e c:/users/kareem ashraf/downloads/imt_sdk_win_64/imt_sdk_win_64/winavr/bin/../lib/gcc/avr/4.3.3/avr5\libgcc.a(_ge_sf.o)
 .debug_pubnames
                0x000000aa       0x1e c:/users/kareem ashraf/downloads/imt_sdk_win_64/imt_sdk_win_64/winavr/bin/../lib/gcc/avr/4.3.3/avr5\libgcc.a(_lt_sf.o)
 .debug_pubnames
                0x000000c8       0x20 c:/users/kareem ashraf/downloads/imt_sdk_win_64/imt_sdk_win_64/winavr/bin/../lib/gcc/avr/4.3.3/avr5\libgcc.a(_sf_to_si.o)
 .debug_pubnames
                0x000000e8       0x22 c:/users/kareem ashraf/downloads/imt_sdk_win_64/imt_sdk_win_64/winavr/bin/../lib/gcc/avr/4.3.3/avr5\libgcc.a(_thenan_sf.o)
 .debug_pubnames
                0x0000010a       0x1f c:/users/kareem ashraf/downloads/imt_sdk_win_64/imt_sdk_win_64/winavr/bin/../lib/gcc/avr/4.3.3/avr5\libgcc.a(_pack_sf.o)
 .debug_pubnames
                0x00000129       0x21 c:/users/kareem ashraf/downloads/imt_sdk_win_64/imt_sdk_win_64/winavr/bin/../lib/gcc/avr/4.3.3/avr5\libgcc.a(_unpack_sf.o)
 .debug_pubnames
                0x0000014a       0x26 c:/users/kareem ashraf/downloads/imt_sdk_win_64/imt_sdk_win_64/winavr/bin/../lib/gcc/avr/4.3.3/avr5\libgcc.a(_fpcmp_parts_sf.o)

.debug_info     0x00000000     0x1c49
 *(.debug_info)
 .debug_info    0x00000000       0xb1 c:/users/kareem ashraf/downloads/imt_sdk_win_64/imt_sdk_win_64/winavr/bin/../lib/gcc/avr/4.3.3/avr5\libgcc.a(_fixunssfsi.o)
 .debug_info    0x000000b1      0x47a c:/users/kareem ashraf/downloads/imt_sdk_win_64/imt_sdk_win_64/winavr/bin/../lib/gcc/avr/4.3.3/avr5\libgcc.a(_addsub_sf.o)
 .debug_info    0x0000052b      0x485 c:/users/kareem ashraf/downloads/imt_sdk_win_64/imt_sdk_win_64/winavr/bin/../lib/gcc/avr/4.3.3/avr5\libgcc.a(_mul_sf.o)
 .debug_info    0x000009b0      0x27f c:/users/kareem ashraf/downloads/imt_sdk_win_64/imt_sdk_win_64/winavr/bin/../lib/gcc/avr/4.3.3/avr5\libgcc.a(_gt_sf.o)
 .debug_info    0x00000c2f      0x27f c:/users/kareem ashraf/downloads/imt_sdk_win_64/imt_sdk_win_64/winavr/bin/../lib/gcc/avr/4.3.3/avr5\libgcc.a(_ge_sf.o)
 .debug_info    0x00000eae      0x27f c:/users/kareem ashraf/downloads/imt_sdk_win_64/imt_sdk_win_64/winavr/bin/../lib/gcc/avr/4.3.3/avr5\libgcc.a(_lt_sf.o)
 .debug_info    0x0000112d      0x2b0 c:/users/kareem ashraf/downloads/imt_sdk_win_64/imt_sdk_win_64/winavr/bin/../lib/gcc/avr/4.3.3/avr5\libgcc.a(_sf_to_si.o)
 .debug_info    0x000013dd      0x12c c:/users/kareem ashraf/downloads/imt_sdk_win_64/imt_sdk_win_64/winavr/bin/../lib/gcc/avr/4.3.3/avr5\libgcc.a(_thenan_sf.o)
 .debug_info    0x00001509      0x2df c:/users/kareem ashraf/downloads/imt_sdk_win_64/imt_sdk_win_64/winavr/bin/../lib/gcc/avr/4.3.3/avr5\libgcc.a(_pack_sf.o)
 .debug_info    0x000017e8      0x251 c:/users/kareem ashraf/downloads/imt_sdk_win_64/imt_sdk_win_64/winavr/bin/../lib/gcc/avr/4.3.3/avr5\libgcc.a(_unpack_sf.o)
 .debug_info    0x00001a39      0x210 c:/users/kareem ashraf/downloads/imt_sdk_win_64/imt_sdk_win_64/winavr/bin/../lib/gcc/avr/4.3.3/avr5\libgcc.a(_fpcmp_parts_sf.o)
 *(.gnu.linkonce.wi.*)

.debug_abbrev   0x00000000      0xeeb
 *(.debug_abbrev)
 .debug_abbrev  0x00000000       0x5d c:/users/kareem ashraf/downloads/imt_sdk_win_64/imt_sdk_win_64/winavr/bin/../lib/gcc/avr/4.3.3/avr5\libgcc.a(_fixunssfsi.o)
 .debug_abbrev  0x0000005d      0x1ea c:/users/kareem ashraf/downloads/imt_sdk_win_64/imt_sdk_win_64/winavr/bin/../lib/gcc/avr/4.3.3/avr5\libgcc.a(_addsub_sf.o)
 .debug_abbrev  0x00000247      0x21b c:/users/kareem ashraf/downloads/imt_sdk_win_64/imt_sdk_win_64/winavr/bin/../lib/gcc/avr/4.3.3/avr5\libgcc.a(_mul_sf.o)
 .debug_abbrev  0x00000462      0x15a c:/users/kareem ashraf/downloads/imt_sdk_win_64/imt_sdk_win_64/winavr/bin/../lib/gcc/avr/4.3.3/avr5\libgcc.a(_gt_sf.o)
 .debug_abbrev  0x000005bc      0x15a c:/users/kareem ashraf/downloads/imt_sdk_win_64/imt_sdk_win_64/winavr/bin/../lib/gcc/avr/4.3.3/avr5\libgcc.a(_ge_sf.o)
 .debug_abbrev  0x00000716      0x15a c:/users/kareem ashraf/downloads/imt_sdk_win_64/imt_sdk_win_64/winavr/bin/../lib/gcc/avr/4.3.3/avr5\libgcc.a(_lt_sf.o)
 .debug_abbrev  0x00000870      0x17f c:/users/kareem ashraf/downloads/imt_sdk_win_64/imt_sdk_win_64/winavr/bin/../lib/gcc/avr/4.3.3/avr5\libgcc.a(_sf_to_si.o)
 .debug_abbrev  0x000009ef       0xad c:/users/kareem ashraf/downloads/imt_sdk_win_64/imt_sdk_win_64/winavr/bin/../lib/gcc/avr/4.3.3/avr5\libgcc.a(_thenan_sf.o)
 .debug_abbrev  0x00000a9c      0x1c0 c:/users/kareem ashraf/downloads/imt_sdk_win_64/imt_sdk_win_64/winavr/bin/../lib/gcc/avr/4.3.3/avr5\libgcc.a(_pack_sf.o)
 .debug_abbrev  0x00000c5c      0x154 c:/users/kareem ashraf/downloads/imt_sdk_win_64/imt_sdk_win_64/winavr/bin/../lib/gcc/avr/4.3.3/avr5\libgcc.a(_unpack_sf.o)
 .debug_abbrev  0x00000db0      0x13b c:/users/kareem ashraf/downloads/imt_sdk_win_64/imt_sdk_win_64/winavr/bin/../lib/gcc/avr/4.3.3/avr5\libgcc.a(_fpcmp_parts_sf.o)

.debug_line     0x00000000      0xdad
 *(.debug_line)
 .debug_line    0x00000000       0xa7 c:/users/kareem ashraf/downloads/imt_sdk_win_64/imt_sdk_win_64/winavr/bin/../lib/gcc/avr/4.3.3/avr5\libgcc.a(_fixunssfsi.o)
 .debug_line    0x000000a7      0x2af c:/users/kareem ashraf/downloads/imt_sdk_win_64/imt_sdk_win_64/winavr/bin/../lib/gcc/avr/4.3.3/avr5\libgcc.a(_addsub_sf.o)
 .debug_line    0x00000356      0x239 c:/users/kareem ashraf/downloads/imt_sdk_win_64/imt_sdk_win_64/winavr/bin/../lib/gcc/avr/4.3.3/avr5\libgcc.a(_mul_sf.o)
 .debug_line    0x0000058f       0xd3 c:/users/kareem ashraf/downloads/imt_sdk_win_64/imt_sdk_win_64/winavr/bin/../lib/gcc/avr/4.3.3/avr5\libgcc.a(_gt_sf.o)
 .debug_line    0x00000662       0xd3 c:/users/kareem ashraf/downloads/imt_sdk_win_64/imt_sdk_win_64/winavr/bin/../lib/gcc/avr/4.3.3/avr5\libgcc.a(_ge_sf.o)
 .debug_line    0x00000735       0xd3 c:/users/kareem ashraf/downloads/imt_sdk_win_64/imt_sdk_win_64/winavr/bin/../lib/gcc/avr/4.3.3/avr5\libgcc.a(_lt_sf.o)
 .debug_line    0x00000808      0x109 c:/users/kareem ashraf/downloads/imt_sdk_win_64/imt_sdk_win_64/winavr/bin/../lib/gcc/avr/4.3.3/avr5\libgcc.a(_sf_to_si.o)
 .debug_line    0x00000911       0x90 c:/users/kareem ashraf/downloads/imt_sdk_win_64/imt_sdk_win_64/winavr/bin/../lib/gcc/avr/4.3.3/avr5\libgcc.a(_thenan_sf.o)
 .debug_line    0x000009a1      0x18a c:/users/kareem ashraf/downloads/imt_sdk_win_64/imt_sdk_win_64/winavr/bin/../lib/gcc/avr/4.3.3/avr5\libgcc.a(_pack_sf.o)
 .debug_line    0x00000b2b      0x14b c:/users/kareem ashraf/downloads/imt_sdk_win_64/imt_sdk_win_64/winavr/bin/../lib/gcc/avr/4.3.3/avr5\libgcc.a(_unpack_sf.o)
 .debug_line    0x00000c76      0x137 c:/users/kareem ashraf/downloads/imt_sdk_win_64/imt_sdk_win_64/winavr/bin/../lib/gcc/avr/4.3.3/avr5\libgcc.a(_fpcmp_parts_sf.o)

.debug_frame    0x00000000      0x160
 *(.debug_frame)
 .debug_frame   0x00000000       0x20 c:/users/kareem ashraf/downloads/imt_sdk_win_64/imt_sdk_win_64/winavr/bin/../lib/gcc/avr/4.3.3/avr5\libgcc.a(_fixunssfsi.o)
 .debug_frame   0x00000020       0x40 c:/users/kareem ashraf/downloads/imt_sdk_win_64/imt_sdk_win_64/winavr/bin/../lib/gcc/avr/4.3.3/avr5\libgcc.a(_addsub_sf.o)
 .debug_frame   0x00000060       0x20 c:/users/kareem ashraf/downloads/imt_sdk_win_64/imt_sdk_win_64/winavr/bin/../lib/gcc/avr/4.3.3/avr5\libgcc.a(_mul_sf.o)
 .debug_frame   0x00000080       0x20 c:/users/kareem ashraf/downloads/imt_sdk_win_64/imt_sdk_win_64/winavr/bin/../lib/gcc/avr/4.3.3/avr5\libgcc.a(_gt_sf.o)
 .debug_frame   0x000000a0       0x20 c:/users/kareem ashraf/downloads/imt_sdk_win_64/imt_sdk_win_64/winavr/bin/../lib/gcc/avr/4.3.3/avr5\libgcc.a(_ge_sf.o)
 .debug_frame   0x000000c0       0x20 c:/users/kareem ashraf/downloads/imt_sdk_win_64/imt_sdk_win_64/winavr/bin/../lib/gcc/avr/4.3.3/avr5\libgcc.a(_lt_sf.o)
 .debug_frame   0x000000e0       0x20 c:/users/kareem ashraf/downloads/imt_sdk_win_64/imt_sdk_win_64/winavr/bin/../lib/gcc/avr/4.3.3/avr5\libgcc.a(_sf_to_si.o)
 .debug_frame   0x00000100       0x20 c:/users/kareem ashraf/downloads/imt_sdk_win_64/imt_sdk_win_64/winavr/bin/../lib/gcc/avr/4.3.3/avr5\libgcc.a(_pack_sf.o)
 .debug_frame   0x00000120       0x20 c:/users/kareem ashraf/downloads/imt_sdk_win_64/imt_sdk_win_64/winavr/bin/../lib/gcc/avr/4.3.3/avr5\libgcc.a(_unpack_sf.o)
 .debug_frame   0x00000140       0x20 c:/users/kareem ashraf/downloads/imt_sdk_win_64/imt_sdk_win_64/winavr/bin/../lib/gcc/avr/4.3.3/avr5\libgcc.a(_fpcmp_parts_sf.o)

.debug_str      0x00000000      0x28d
 *(.debug_str)
 .debug_str     0x00000000       0xbf c:/users/kareem ashraf/downloads/imt_sdk_win_64/imt_sdk_win_64/winavr/bin/../lib/gcc/avr/4.3.3/avr5\libgcc.a(_fixunssfsi.o)
                                 0xfe (size before relaxing)
 .debug_str     0x000000bf      0x14d c:/users/kareem ashraf/downloads/imt_sdk_win_64/imt_sdk_win_64/winavr/bin/../lib/gcc/avr/4.3.3/avr5\libgcc.a(_addsub_sf.o)
                                0x206 (size before relaxing)
 .debug_str     0x0000020c       0x27 c:/users/kareem ashraf/downloads/imt_sdk_win_64/imt_sdk_win_64/winavr/bin/../lib/gcc/avr/4.3.3/avr5\libgcc.a(_mul_sf.o)
                                0x1bf (size before relaxing)
 .debug_str     0x00000233        0xf c:/users/kareem ashraf/downloads/imt_sdk_win_64/imt_sdk_win_64/winavr/bin/../lib/gcc/avr/4.3.3/avr5\libgcc.a(_gt_sf.o)
                                0x195 (size before relaxing)
 .debug_str     0x00000242        0x8 c:/users/kareem ashraf/downloads/imt_sdk_win_64/imt_sdk_win_64/winavr/bin/../lib/gcc/avr/4.3.3/avr5\libgcc.a(_ge_sf.o)
                                0x195 (size before relaxing)
 .debug_str     0x0000024a        0x8 c:/users/kareem ashraf/downloads/imt_sdk_win_64/imt_sdk_win_64/winavr/bin/../lib/gcc/avr/4.3.3/avr5\libgcc.a(_lt_sf.o)
                                0x195 (size before relaxing)
 .debug_str     0x00000252        0xa c:/users/kareem ashraf/downloads/imt_sdk_win_64/imt_sdk_win_64/winavr/bin/../lib/gcc/avr/4.3.3/avr5\libgcc.a(_sf_to_si.o)
                                0x19e (size before relaxing)
 .debug_str     0x00000000      0x103 c:/users/kareem ashraf/downloads/imt_sdk_win_64/imt_sdk_win_64/winavr/bin/../lib/gcc/avr/4.3.3/avr5\libgcc.a(_thenan_sf.o)
 .debug_str     0x0000025c       0x16 c:/users/kareem ashraf/downloads/imt_sdk_win_64/imt_sdk_win_64/winavr/bin/../lib/gcc/avr/4.3.3/avr5\libgcc.a(_pack_sf.o)
                                0x19d (size before relaxing)
 .debug_str     0x00000272        0xb c:/users/kareem ashraf/downloads/imt_sdk_win_64/imt_sdk_win_64/winavr/bin/../lib/gcc/avr/4.3.3/avr5\libgcc.a(_unpack_sf.o)
                                0x17f (size before relaxing)
 .debug_str     0x0000027d       0x10 c:/users/kareem ashraf/downloads/imt_sdk_win_64/imt_sdk_win_64/winavr/bin/../lib/gcc/avr/4.3.3/avr5\libgcc.a(_fpcmp_parts_sf.o)
                                0x163 (size before relaxing)

.debug_loc      0x00000000      0x7ce
 *(.debug_loc)
 .debug_loc     0x00000000       0x34 c:/users/kareem ashraf/downloads/imt_sdk_win_64/imt_sdk_win_64/winavr/bin/../lib/gcc/avr/4.3.3/avr5\libgcc.a(_fixunssfsi.o)
 .debug_loc     0x00000034      0x32a c:/users/kareem ashraf/downloads/imt_sdk_win_64/imt_sdk_win_64/winavr/bin/../lib/gcc/avr/4.3.3/avr5\libgcc.a(_addsub_sf.o)
 .debug_loc     0x0000035e      0x104 c:/users/kareem ashraf/downloads/imt_sdk_win_64/imt_sdk_win_64/winavr/bin/../lib/gcc/avr/4.3.3/avr5\libgcc.a(_mul_sf.o)
 .debug_loc     0x00000462       0x3c c:/users/kareem ashraf/downloads/imt_sdk_win_64/imt_sdk_win_64/winavr/bin/../lib/gcc/avr/4.3.3/avr5\libgcc.a(_gt_sf.o)
 .debug_loc     0x0000049e       0x3c c:/users/kareem ashraf/downloads/imt_sdk_win_64/imt_sdk_win_64/winavr/bin/../lib/gcc/avr/4.3.3/avr5\libgcc.a(_ge_sf.o)
 .debug_loc     0x000004da       0x3c c:/users/kareem ashraf/downloads/imt_sdk_win_64/imt_sdk_win_64/winavr/bin/../lib/gcc/avr/4.3.3/avr5\libgcc.a(_lt_sf.o)
 .debug_loc     0x00000516       0x7e c:/users/kareem ashraf/downloads/imt_sdk_win_64/imt_sdk_win_64/winavr/bin/../lib/gcc/avr/4.3.3/avr5\libgcc.a(_sf_to_si.o)
 .debug_loc     0x00000594      0x13e c:/users/kareem ashraf/downloads/imt_sdk_win_64/imt_sdk_win_64/winavr/bin/../lib/gcc/avr/4.3.3/avr5\libgcc.a(_pack_sf.o)
 .debug_loc     0x000006d2       0xac c:/users/kareem ashraf/downloads/imt_sdk_win_64/imt_sdk_win_64/winavr/bin/../lib/gcc/avr/4.3.3/avr5\libgcc.a(_unpack_sf.o)
 .debug_loc     0x0000077e       0x50 c:/users/kareem ashraf/downloads/imt_sdk_win_64/imt_sdk_win_64/winavr/bin/../lib/gcc/avr/4.3.3/avr5\libgcc.a(_fpcmp_parts_sf.o)

.debug_macinfo
 *(.debug_macinfo)
OUTPUT(IMT_Smart_Home.elf elf32-avr)
LOAD linker stubs

.debug_ranges   0x00000000       0x50
 .debug_ranges  0x00000000       0x50 c:/users/kareem ashraf/downloads/imt_sdk_win_64/imt_sdk_win_64/winavr/bin/../lib/gcc/avr/4.3.3/avr5\libgcc.a(_mul_sf.o)
